###############################################################################
#
# IAR ELF Linker V8.32.3.193/W32 for ARM                  23/Dec/2023  12:18:04
# Copyright 2007-2019 IAR Systems AB.
#
#    Output file  =  
#        C:\Users\16055\Desktop\1223_2\1222\diancizu_demo_v2\project\iar\program\nor_sdram_zf_dtcm\Exe\RT106X.out
#    Map file     =  
#        C:\Users\16055\Desktop\1223_2\1222\diancizu_demo_v2\project\iar\program\nor_sdram_zf_dtcm\List\RT106X.map
#    Command line =  
#        -f C:\Users\16055\AppData\Local\Temp\EWD61F.tmp
#        (C:\Users\16055\Desktop\1223_2\1222\diancizu_demo_v2\project\iar\program\nor_sdram_zf_dtcm\Obj\board.o
#        C:\Users\16055\Desktop\1223_2\1222\diancizu_demo_v2\project\iar\program\nor_sdram_zf_dtcm\Obj\clock_config.o
#        C:\Users\16055\Desktop\1223_2\1222\diancizu_demo_v2\project\iar\program\nor_sdram_zf_dtcm\Obj\diskio.o
#        C:\Users\16055\Desktop\1223_2\1222\diancizu_demo_v2\project\iar\program\nor_sdram_zf_dtcm\Obj\evkmimxrt1064_flexspi_nor_config.o
#        C:\Users\16055\Desktop\1223_2\1222\diancizu_demo_v2\project\iar\program\nor_sdram_zf_dtcm\Obj\evkmimxrt1064_sdram_ini_dcd.o
#        C:\Users\16055\Desktop\1223_2\1222\diancizu_demo_v2\project\iar\program\nor_sdram_zf_dtcm\Obj\ff.o
#        C:\Users\16055\Desktop\1223_2\1222\diancizu_demo_v2\project\iar\program\nor_sdram_zf_dtcm\Obj\ffsystem.o
#        C:\Users\16055\Desktop\1223_2\1222\diancizu_demo_v2\project\iar\program\nor_sdram_zf_dtcm\Obj\ffunicode.o
#        C:\Users\16055\Desktop\1223_2\1222\diancizu_demo_v2\project\iar\program\nor_sdram_zf_dtcm\Obj\fsl_adapter_lpuart.o
#        C:\Users\16055\Desktop\1223_2\1222\diancizu_demo_v2\project\iar\program\nor_sdram_zf_dtcm\Obj\fsl_adc.o
#        C:\Users\16055\Desktop\1223_2\1222\diancizu_demo_v2\project\iar\program\nor_sdram_zf_dtcm\Obj\fsl_adc_etc.o
#        C:\Users\16055\Desktop\1223_2\1222\diancizu_demo_v2\project\iar\program\nor_sdram_zf_dtcm\Obj\fsl_aipstz.o
#        C:\Users\16055\Desktop\1223_2\1222\diancizu_demo_v2\project\iar\program\nor_sdram_zf_dtcm\Obj\fsl_aoi.o
#        C:\Users\16055\Desktop\1223_2\1222\diancizu_demo_v2\project\iar\program\nor_sdram_zf_dtcm\Obj\fsl_assert.o
#        C:\Users\16055\Desktop\1223_2\1222\diancizu_demo_v2\project\iar\program\nor_sdram_zf_dtcm\Obj\fsl_bee.o
#        C:\Users\16055\Desktop\1223_2\1222\diancizu_demo_v2\project\iar\program\nor_sdram_zf_dtcm\Obj\fsl_cache.o
#        C:\Users\16055\Desktop\1223_2\1222\diancizu_demo_v2\project\iar\program\nor_sdram_zf_dtcm\Obj\fsl_clock.o
#        C:\Users\16055\Desktop\1223_2\1222\diancizu_demo_v2\project\iar\program\nor_sdram_zf_dtcm\Obj\fsl_cmp.o
#        C:\Users\16055\Desktop\1223_2\1222\diancizu_demo_v2\project\iar\program\nor_sdram_zf_dtcm\Obj\fsl_common.o
#        C:\Users\16055\Desktop\1223_2\1222\diancizu_demo_v2\project\iar\program\nor_sdram_zf_dtcm\Obj\fsl_common_arm.o
#        C:\Users\16055\Desktop\1223_2\1222\diancizu_demo_v2\project\iar\program\nor_sdram_zf_dtcm\Obj\fsl_component_generic_list.o
#        C:\Users\16055\Desktop\1223_2\1222\diancizu_demo_v2\project\iar\program\nor_sdram_zf_dtcm\Obj\fsl_csi.o
#        C:\Users\16055\Desktop\1223_2\1222\diancizu_demo_v2\project\iar\program\nor_sdram_zf_dtcm\Obj\fsl_dcdc.o
#        C:\Users\16055\Desktop\1223_2\1222\diancizu_demo_v2\project\iar\program\nor_sdram_zf_dtcm\Obj\fsl_dcp.o
#        C:\Users\16055\Desktop\1223_2\1222\diancizu_demo_v2\project\iar\program\nor_sdram_zf_dtcm\Obj\fsl_debug_console.o
#        C:\Users\16055\Desktop\1223_2\1222\diancizu_demo_v2\project\iar\program\nor_sdram_zf_dtcm\Obj\fsl_dmamux.o
#        C:\Users\16055\Desktop\1223_2\1222\diancizu_demo_v2\project\iar\program\nor_sdram_zf_dtcm\Obj\fsl_edma.o
#        C:\Users\16055\Desktop\1223_2\1222\diancizu_demo_v2\project\iar\program\nor_sdram_zf_dtcm\Obj\fsl_elcdif.o
#        C:\Users\16055\Desktop\1223_2\1222\diancizu_demo_v2\project\iar\program\nor_sdram_zf_dtcm\Obj\fsl_enc.o
#        C:\Users\16055\Desktop\1223_2\1222\diancizu_demo_v2\project\iar\program\nor_sdram_zf_dtcm\Obj\fsl_enet.o
#        C:\Users\16055\Desktop\1223_2\1222\diancizu_demo_v2\project\iar\program\nor_sdram_zf_dtcm\Obj\fsl_ewm.o
#        C:\Users\16055\Desktop\1223_2\1222\diancizu_demo_v2\project\iar\program\nor_sdram_zf_dtcm\Obj\fsl_flexcan.o
#        C:\Users\16055\Desktop\1223_2\1222\diancizu_demo_v2\project\iar\program\nor_sdram_zf_dtcm\Obj\fsl_flexcan_edma.o
#        C:\Users\16055\Desktop\1223_2\1222\diancizu_demo_v2\project\iar\program\nor_sdram_zf_dtcm\Obj\fsl_flexio.o
#        C:\Users\16055\Desktop\1223_2\1222\diancizu_demo_v2\project\iar\program\nor_sdram_zf_dtcm\Obj\fsl_flexio_camera.o
#        C:\Users\16055\Desktop\1223_2\1222\diancizu_demo_v2\project\iar\program\nor_sdram_zf_dtcm\Obj\fsl_flexio_camera_edma.o
#        C:\Users\16055\Desktop\1223_2\1222\diancizu_demo_v2\project\iar\program\nor_sdram_zf_dtcm\Obj\fsl_flexio_i2c_master.o
#        C:\Users\16055\Desktop\1223_2\1222\diancizu_demo_v2\project\iar\program\nor_sdram_zf_dtcm\Obj\fsl_flexio_i2s.o
#        C:\Users\16055\Desktop\1223_2\1222\diancizu_demo_v2\project\iar\program\nor_sdram_zf_dtcm\Obj\fsl_flexio_i2s_edma.o
#        C:\Users\16055\Desktop\1223_2\1222\diancizu_demo_v2\project\iar\program\nor_sdram_zf_dtcm\Obj\fsl_flexio_mculcd.o
#        C:\Users\16055\Desktop\1223_2\1222\diancizu_demo_v2\project\iar\program\nor_sdram_zf_dtcm\Obj\fsl_flexio_mculcd_edma.o
#        C:\Users\16055\Desktop\1223_2\1222\diancizu_demo_v2\project\iar\program\nor_sdram_zf_dtcm\Obj\fsl_flexio_spi.o
#        C:\Users\16055\Desktop\1223_2\1222\diancizu_demo_v2\project\iar\program\nor_sdram_zf_dtcm\Obj\fsl_flexio_spi_edma.o
#        C:\Users\16055\Desktop\1223_2\1222\diancizu_demo_v2\project\iar\program\nor_sdram_zf_dtcm\Obj\fsl_flexio_uart.o
#        C:\Users\16055\Desktop\1223_2\1222\diancizu_demo_v2\project\iar\program\nor_sdram_zf_dtcm\Obj\fsl_flexio_uart_edma.o
#        C:\Users\16055\Desktop\1223_2\1222\diancizu_demo_v2\project\iar\program\nor_sdram_zf_dtcm\Obj\fsl_flexram.o
#        C:\Users\16055\Desktop\1223_2\1222\diancizu_demo_v2\project\iar\program\nor_sdram_zf_dtcm\Obj\fsl_flexram_allocate.o
#        C:\Users\16055\Desktop\1223_2\1222\diancizu_demo_v2\project\iar\program\nor_sdram_zf_dtcm\Obj\fsl_flexspi.o
#        C:\Users\16055\Desktop\1223_2\1222\diancizu_demo_v2\project\iar\program\nor_sdram_zf_dtcm\Obj\fsl_flexspi_edma.o
#        C:\Users\16055\Desktop\1223_2\1222\diancizu_demo_v2\project\iar\program\nor_sdram_zf_dtcm\Obj\fsl_flexspi_nor_boot.o
#        C:\Users\16055\Desktop\1223_2\1222\diancizu_demo_v2\project\iar\program\nor_sdram_zf_dtcm\Obj\fsl_gpc.o
#        C:\Users\16055\Desktop\1223_2\1222\diancizu_demo_v2\project\iar\program\nor_sdram_zf_dtcm\Obj\fsl_gpio.o
#        C:\Users\16055\Desktop\1223_2\1222\diancizu_demo_v2\project\iar\program\nor_sdram_zf_dtcm\Obj\fsl_gpt.o
#        C:\Users\16055\Desktop\1223_2\1222\diancizu_demo_v2\project\iar\program\nor_sdram_zf_dtcm\Obj\fsl_kpp.o
#        C:\Users\16055\Desktop\1223_2\1222\diancizu_demo_v2\project\iar\program\nor_sdram_zf_dtcm\Obj\fsl_lpi2c.o
#        C:\Users\16055\Desktop\1223_2\1222\diancizu_demo_v2\project\iar\program\nor_sdram_zf_dtcm\Obj\fsl_lpi2c_edma.o
#        C:\Users\16055\Desktop\1223_2\1222\diancizu_demo_v2\project\iar\program\nor_sdram_zf_dtcm\Obj\fsl_lpspi.o
#        C:\Users\16055\Desktop\1223_2\1222\diancizu_demo_v2\project\iar\program\nor_sdram_zf_dtcm\Obj\fsl_lpspi_edma.o
#        C:\Users\16055\Desktop\1223_2\1222\diancizu_demo_v2\project\iar\program\nor_sdram_zf_dtcm\Obj\fsl_lpuart.o
#        C:\Users\16055\Desktop\1223_2\1222\diancizu_demo_v2\project\iar\program\nor_sdram_zf_dtcm\Obj\fsl_lpuart_edma.o
#        C:\Users\16055\Desktop\1223_2\1222\diancizu_demo_v2\project\iar\program\nor_sdram_zf_dtcm\Obj\fsl_ocotp.o
#        C:\Users\16055\Desktop\1223_2\1222\diancizu_demo_v2\project\iar\program\nor_sdram_zf_dtcm\Obj\fsl_os_abstraction_bm.o
#        C:\Users\16055\Desktop\1223_2\1222\diancizu_demo_v2\project\iar\program\nor_sdram_zf_dtcm\Obj\fsl_pit.o
#        C:\Users\16055\Desktop\1223_2\1222\diancizu_demo_v2\project\iar\program\nor_sdram_zf_dtcm\Obj\fsl_pmu.o
#        C:\Users\16055\Desktop\1223_2\1222\diancizu_demo_v2\project\iar\program\nor_sdram_zf_dtcm\Obj\fsl_pwm.o
#        C:\Users\16055\Desktop\1223_2\1222\diancizu_demo_v2\project\iar\program\nor_sdram_zf_dtcm\Obj\fsl_pxp.o
#        C:\Users\16055\Desktop\1223_2\1222\diancizu_demo_v2\project\iar\program\nor_sdram_zf_dtcm\Obj\fsl_qtmr.o
#        C:\Users\16055\Desktop\1223_2\1222\diancizu_demo_v2\project\iar\program\nor_sdram_zf_dtcm\Obj\fsl_romapi.o
#        C:\Users\16055\Desktop\1223_2\1222\diancizu_demo_v2\project\iar\program\nor_sdram_zf_dtcm\Obj\fsl_rtwdog.o
#        C:\Users\16055\Desktop\1223_2\1222\diancizu_demo_v2\project\iar\program\nor_sdram_zf_dtcm\Obj\fsl_sai.o
#        C:\Users\16055\Desktop\1223_2\1222\diancizu_demo_v2\project\iar\program\nor_sdram_zf_dtcm\Obj\fsl_sai_edma.o
#        C:\Users\16055\Desktop\1223_2\1222\diancizu_demo_v2\project\iar\program\nor_sdram_zf_dtcm\Obj\fsl_sd.o
#        C:\Users\16055\Desktop\1223_2\1222\diancizu_demo_v2\project\iar\program\nor_sdram_zf_dtcm\Obj\fsl_sd_disk.o
#        C:\Users\16055\Desktop\1223_2\1222\diancizu_demo_v2\project\iar\program\nor_sdram_zf_dtcm\Obj\fsl_sdmmc_common.o
#        C:\Users\16055\Desktop\1223_2\1222\diancizu_demo_v2\project\iar\program\nor_sdram_zf_dtcm\Obj\fsl_sdmmc_host.o
#        C:\Users\16055\Desktop\1223_2\1222\diancizu_demo_v2\project\iar\program\nor_sdram_zf_dtcm\Obj\fsl_sdmmc_osa.o
#        C:\Users\16055\Desktop\1223_2\1222\diancizu_demo_v2\project\iar\program\nor_sdram_zf_dtcm\Obj\fsl_semc.o
#        C:\Users\16055\Desktop\1223_2\1222\diancizu_demo_v2\project\iar\program\nor_sdram_zf_dtcm\Obj\fsl_snvs_hp.o
#        C:\Users\16055\Desktop\1223_2\1222\diancizu_demo_v2\project\iar\program\nor_sdram_zf_dtcm\Obj\fsl_snvs_lp.o
#        C:\Users\16055\Desktop\1223_2\1222\diancizu_demo_v2\project\iar\program\nor_sdram_zf_dtcm\Obj\fsl_spdif.o
#        C:\Users\16055\Desktop\1223_2\1222\diancizu_demo_v2\project\iar\program\nor_sdram_zf_dtcm\Obj\fsl_spdif_edma.o
#        C:\Users\16055\Desktop\1223_2\1222\diancizu_demo_v2\project\iar\program\nor_sdram_zf_dtcm\Obj\fsl_src.o
#        C:\Users\16055\Desktop\1223_2\1222\diancizu_demo_v2\project\iar\program\nor_sdram_zf_dtcm\Obj\fsl_tempmon.o
#        C:\Users\16055\Desktop\1223_2\1222\diancizu_demo_v2\project\iar\program\nor_sdram_zf_dtcm\Obj\fsl_trng.o
#        C:\Users\16055\Desktop\1223_2\1222\diancizu_demo_v2\project\iar\program\nor_sdram_zf_dtcm\Obj\fsl_tsc.o
#        C:\Users\16055\Desktop\1223_2\1222\diancizu_demo_v2\project\iar\program\nor_sdram_zf_dtcm\Obj\fsl_usdhc.o
#        C:\Users\16055\Desktop\1223_2\1222\diancizu_demo_v2\project\iar\program\nor_sdram_zf_dtcm\Obj\fsl_wdog.o
#        C:\Users\16055\Desktop\1223_2\1222\diancizu_demo_v2\project\iar\program\nor_sdram_zf_dtcm\Obj\fsl_xbara.o
#        C:\Users\16055\Desktop\1223_2\1222\diancizu_demo_v2\project\iar\program\nor_sdram_zf_dtcm\Obj\fsl_xbarb.o
#        C:\Users\16055\Desktop\1223_2\1222\diancizu_demo_v2\project\iar\program\nor_sdram_zf_dtcm\Obj\isr.o
#        C:\Users\16055\Desktop\1223_2\1222\diancizu_demo_v2\project\iar\program\nor_sdram_zf_dtcm\Obj\main.o
#        C:\Users\16055\Desktop\1223_2\1222\diancizu_demo_v2\project\iar\program\nor_sdram_zf_dtcm\Obj\sdmmc_config.o
#        C:\Users\16055\Desktop\1223_2\1222\diancizu_demo_v2\project\iar\program\nor_sdram_zf_dtcm\Obj\startup_MIMXRT1064.o
#        C:\Users\16055\Desktop\1223_2\1222\diancizu_demo_v2\project\iar\program\nor_sdram_zf_dtcm\Obj\system_MIMXRT1064.o
#        C:\Users\16055\Desktop\1223_2\1222\diancizu_demo_v2\project\iar\program\nor_sdram_zf_dtcm\Obj\usb_device_cdc_acm.o
#        C:\Users\16055\Desktop\1223_2\1222\diancizu_demo_v2\project\iar\program\nor_sdram_zf_dtcm\Obj\usb_device_ch9.o
#        C:\Users\16055\Desktop\1223_2\1222\diancizu_demo_v2\project\iar\program\nor_sdram_zf_dtcm\Obj\usb_device_class.o
#        C:\Users\16055\Desktop\1223_2\1222\diancizu_demo_v2\project\iar\program\nor_sdram_zf_dtcm\Obj\usb_device_dci.o
#        C:\Users\16055\Desktop\1223_2\1222\diancizu_demo_v2\project\iar\program\nor_sdram_zf_dtcm\Obj\usb_device_descriptor.o
#        C:\Users\16055\Desktop\1223_2\1222\diancizu_demo_v2\project\iar\program\nor_sdram_zf_dtcm\Obj\usb_device_ehci.o
#        C:\Users\16055\Desktop\1223_2\1222\diancizu_demo_v2\project\iar\program\nor_sdram_zf_dtcm\Obj\usb_phy.o
#        C:\Users\16055\Desktop\1223_2\1222\diancizu_demo_v2\project\iar\program\nor_sdram_zf_dtcm\Obj\zf_common_clock.o
#        C:\Users\16055\Desktop\1223_2\1222\diancizu_demo_v2\project\iar\program\nor_sdram_zf_dtcm\Obj\zf_common_debug.o
#        C:\Users\16055\Desktop\1223_2\1222\diancizu_demo_v2\project\iar\program\nor_sdram_zf_dtcm\Obj\zf_common_fifo.o
#        C:\Users\16055\Desktop\1223_2\1222\diancizu_demo_v2\project\iar\program\nor_sdram_zf_dtcm\Obj\zf_common_font.o
#        C:\Users\16055\Desktop\1223_2\1222\diancizu_demo_v2\project\iar\program\nor_sdram_zf_dtcm\Obj\zf_common_function.o
#        C:\Users\16055\Desktop\1223_2\1222\diancizu_demo_v2\project\iar\program\nor_sdram_zf_dtcm\Obj\zf_common_interrupt.o
#        C:\Users\16055\Desktop\1223_2\1222\diancizu_demo_v2\project\iar\program\nor_sdram_zf_dtcm\Obj\zf_common_vector.o
#        C:\Users\16055\Desktop\1223_2\1222\diancizu_demo_v2\project\iar\program\nor_sdram_zf_dtcm\Obj\zf_device_absolute_encoder.o
#        C:\Users\16055\Desktop\1223_2\1222\diancizu_demo_v2\project\iar\program\nor_sdram_zf_dtcm\Obj\zf_device_bluetooth_ch9141.o
#        C:\Users\16055\Desktop\1223_2\1222\diancizu_demo_v2\project\iar\program\nor_sdram_zf_dtcm\Obj\zf_device_camera.o
#        C:\Users\16055\Desktop\1223_2\1222\diancizu_demo_v2\project\iar\program\nor_sdram_zf_dtcm\Obj\zf_device_detector.o
#        C:\Users\16055\Desktop\1223_2\1222\diancizu_demo_v2\project\iar\program\nor_sdram_zf_dtcm\Obj\zf_device_dl1a.o
#        C:\Users\16055\Desktop\1223_2\1222\diancizu_demo_v2\project\iar\program\nor_sdram_zf_dtcm\Obj\zf_device_dl1b.o
#        C:\Users\16055\Desktop\1223_2\1222\diancizu_demo_v2\project\iar\program\nor_sdram_zf_dtcm\Obj\zf_device_gps_tau1201.o
#        C:\Users\16055\Desktop\1223_2\1222\diancizu_demo_v2\project\iar\program\nor_sdram_zf_dtcm\Obj\zf_device_icm20602.o
#        C:\Users\16055\Desktop\1223_2\1222\diancizu_demo_v2\project\iar\program\nor_sdram_zf_dtcm\Obj\zf_device_imu660ra.o
#        C:\Users\16055\Desktop\1223_2\1222\diancizu_demo_v2\project\iar\program\nor_sdram_zf_dtcm\Obj\zf_device_imu963ra.o
#        C:\Users\16055\Desktop\1223_2\1222\diancizu_demo_v2\project\iar\program\nor_sdram_zf_dtcm\Obj\zf_device_ips114.o
#        C:\Users\16055\Desktop\1223_2\1222\diancizu_demo_v2\project\iar\program\nor_sdram_zf_dtcm\Obj\zf_device_ips200.o
#        C:\Users\16055\Desktop\1223_2\1222\diancizu_demo_v2\project\iar\program\nor_sdram_zf_dtcm\Obj\zf_device_key.o
#        C:\Users\16055\Desktop\1223_2\1222\diancizu_demo_v2\project\iar\program\nor_sdram_zf_dtcm\Obj\zf_device_mpu6050.o
#        C:\Users\16055\Desktop\1223_2\1222\diancizu_demo_v2\project\iar\program\nor_sdram_zf_dtcm\Obj\zf_device_mt9v03x.o
#        C:\Users\16055\Desktop\1223_2\1222\diancizu_demo_v2\project\iar\program\nor_sdram_zf_dtcm\Obj\zf_device_mt9v03x_flexio.o
#        C:\Users\16055\Desktop\1223_2\1222\diancizu_demo_v2\project\iar\program\nor_sdram_zf_dtcm\Obj\zf_device_oled.o
#        C:\Users\16055\Desktop\1223_2\1222\diancizu_demo_v2\project\iar\program\nor_sdram_zf_dtcm\Obj\zf_device_ov7725.o
#        C:\Users\16055\Desktop\1223_2\1222\diancizu_demo_v2\project\iar\program\nor_sdram_zf_dtcm\Obj\zf_device_scc8660.o
#        C:\Users\16055\Desktop\1223_2\1222\diancizu_demo_v2\project\iar\program\nor_sdram_zf_dtcm\Obj\zf_device_scc8660_flexio.o
#        C:\Users\16055\Desktop\1223_2\1222\diancizu_demo_v2\project\iar\program\nor_sdram_zf_dtcm\Obj\zf_device_tft180.o
#        C:\Users\16055\Desktop\1223_2\1222\diancizu_demo_v2\project\iar\program\nor_sdram_zf_dtcm\Obj\zf_device_tsl1401.o
#        C:\Users\16055\Desktop\1223_2\1222\diancizu_demo_v2\project\iar\program\nor_sdram_zf_dtcm\Obj\zf_device_type.o
#        C:\Users\16055\Desktop\1223_2\1222\diancizu_demo_v2\project\iar\program\nor_sdram_zf_dtcm\Obj\zf_device_virtual_oscilloscope.o
#        C:\Users\16055\Desktop\1223_2\1222\diancizu_demo_v2\project\iar\program\nor_sdram_zf_dtcm\Obj\zf_device_wifi_spi.o
#        C:\Users\16055\Desktop\1223_2\1222\diancizu_demo_v2\project\iar\program\nor_sdram_zf_dtcm\Obj\zf_device_wifi_uart.o
#        C:\Users\16055\Desktop\1223_2\1222\diancizu_demo_v2\project\iar\program\nor_sdram_zf_dtcm\Obj\zf_device_wireless_uart.o
#        C:\Users\16055\Desktop\1223_2\1222\diancizu_demo_v2\project\iar\program\nor_sdram_zf_dtcm\Obj\zf_driver_adc.o
#        C:\Users\16055\Desktop\1223_2\1222\diancizu_demo_v2\project\iar\program\nor_sdram_zf_dtcm\Obj\zf_driver_csi.o
#        C:\Users\16055\Desktop\1223_2\1222\diancizu_demo_v2\project\iar\program\nor_sdram_zf_dtcm\Obj\zf_driver_delay.o
#        C:\Users\16055\Desktop\1223_2\1222\diancizu_demo_v2\project\iar\program\nor_sdram_zf_dtcm\Obj\zf_driver_encoder.o
#        C:\Users\16055\Desktop\1223_2\1222\diancizu_demo_v2\project\iar\program\nor_sdram_zf_dtcm\Obj\zf_driver_exti.o
#        C:\Users\16055\Desktop\1223_2\1222\diancizu_demo_v2\project\iar\program\nor_sdram_zf_dtcm\Obj\zf_driver_flash.o
#        C:\Users\16055\Desktop\1223_2\1222\diancizu_demo_v2\project\iar\program\nor_sdram_zf_dtcm\Obj\zf_driver_flexio_csi.o
#        C:\Users\16055\Desktop\1223_2\1222\diancizu_demo_v2\project\iar\program\nor_sdram_zf_dtcm\Obj\zf_driver_gpio.o
#        C:\Users\16055\Desktop\1223_2\1222\diancizu_demo_v2\project\iar\program\nor_sdram_zf_dtcm\Obj\zf_driver_iic.o
#        C:\Users\16055\Desktop\1223_2\1222\diancizu_demo_v2\project\iar\program\nor_sdram_zf_dtcm\Obj\zf_driver_pit.o
#        C:\Users\16055\Desktop\1223_2\1222\diancizu_demo_v2\project\iar\program\nor_sdram_zf_dtcm\Obj\zf_driver_pwm.o
#        C:\Users\16055\Desktop\1223_2\1222\diancizu_demo_v2\project\iar\program\nor_sdram_zf_dtcm\Obj\zf_driver_romapi.o
#        C:\Users\16055\Desktop\1223_2\1222\diancizu_demo_v2\project\iar\program\nor_sdram_zf_dtcm\Obj\zf_driver_sdio.o
#        C:\Users\16055\Desktop\1223_2\1222\diancizu_demo_v2\project\iar\program\nor_sdram_zf_dtcm\Obj\zf_driver_soft_iic.o
#        C:\Users\16055\Desktop\1223_2\1222\diancizu_demo_v2\project\iar\program\nor_sdram_zf_dtcm\Obj\zf_driver_soft_spi.o
#        C:\Users\16055\Desktop\1223_2\1222\diancizu_demo_v2\project\iar\program\nor_sdram_zf_dtcm\Obj\zf_driver_spi.o
#        C:\Users\16055\Desktop\1223_2\1222\diancizu_demo_v2\project\iar\program\nor_sdram_zf_dtcm\Obj\zf_driver_timer.o
#        C:\Users\16055\Desktop\1223_2\1222\diancizu_demo_v2\project\iar\program\nor_sdram_zf_dtcm\Obj\zf_driver_uart.o
#        C:\Users\16055\Desktop\1223_2\1222\diancizu_demo_v2\project\iar\program\nor_sdram_zf_dtcm\Obj\zf_driver_usb_cdc.o
#        --no_out_extension -o
#        C:\Users\16055\Desktop\1223_2\1222\diancizu_demo_v2\project\iar\program\nor_sdram_zf_dtcm\Exe\RT106X.out
#        --map
#        C:\Users\16055\Desktop\1223_2\1222\diancizu_demo_v2\project\iar\program\nor_sdram_zf_dtcm\List\RT106X.map
#        --config
#        C:\Users\16055\Desktop\1223_2\1222\diancizu_demo_v2\project\iar\program\..\..\IAR\icf\MIMXRT1064xxxxx_flexspi_nor.icf
#        --semihosting
#        C:\Users\16055\Desktop\1223_2\1222\diancizu_demo_v2\project\iar\program\..\..\..\libraries\zf_device\zf_device_config.a
#        --entry __iar_program_start --vfe --text_out locale)
#
###############################################################################

*******************************************************************************
*** RUNTIME MODEL ATTRIBUTES
***

CppFlavor       = *
__Heap_Handler  = DLMalloc
__SystemLibrary = DLib
__dlib_version  = 6


*******************************************************************************
*** HEAP SELECTION
***

The advanced heap was selected because the application calls memory
allocation functions outside of system library functions, and there
are calls to deallocation functions in the application.


*******************************************************************************
*** PLACEMENT SUMMARY
***

"A0":  place at 0x7000'2000 { ro section .intvec };
"A2":  place at 0x7000'0000 { section .boot_hdr.conf };
"A3":  place at 0x7000'1000 { section .boot_hdr.ivt };
"A4":  place at 0x7000'1020 { ro section .boot_hdr.boot_data };
"A5":  place at 0x7000'1030 { ro section .boot_hdr.dcd_data };
"P1":  place in [from 0x7000'2000 to 0x7000'23ff] |
                [from 0x7000'2400 to 0x703f'ffff] { ro };
define block RW { first rw, section m_usb_dma_init_data };
"P2":  place in [from 0x8000'0000 to 0x8000'03ff] |
                [from 0x8000'0400 to 0x81df'ffff] { block RW };
define block SDRAM_VAR
   with alignment = 8 { section SDRAM_CACHE, section SDRAM_CACHE.init };
"P11": place in [from 0x8000'0000 to 0x8000'03ff] |
                [from 0x8000'0400 to 0x81df'ffff] { block SDRAM_VAR };
define block ZI
   with alignment = 32 { first zi, section m_usb_dma_noninit_data };
"P3":  place in [from 0x2000'0000 to 0x2006'efff] { block ZI };
"P4":  place in [from 0x2000'0000 to 0x2006'efff] { section .data };
"P5":  place in [from 0x2000'0000 to 0x2006'efff] { section .textrw };
define block DTCM_VAR
   with alignment = 8 { section NonCacheable, section NonCacheable.init };
"P9":  place in [from 0x2000'0000 to 0x2006'efff] { block DTCM_VAR };
define block CSTACK with size = 4K, alignment = 8 { };
"P7":  place in [from 0x2006'f000 to 0x2006'ffff] { block CSTACK };
initialize by copy { rw, section .textrw };
initialize by copy { ro }
   except {
      ro section .intvec, ro object system_MIMXRT1064.o,
      ro object startup_MIMXRT1064.o, section .boot_hdr.conf,
      section .boot_hdr.ivt, section .boot_hdr.boot_data,
      section .boot_hdr.dcd_data };
keep {
   section .boot_hdr.conf, section .boot_hdr.ivt, section .boot_hdr.boot_data,
   section .boot_hdr.dcd_data };

No sections matched the following patterns:

  section .intvec_RAM              in "A1"
  section .textrw                  in "P3-P5|P9"
  section ITCM_NonCacheable        in block ITCM_VAR
  section ITCM_NonCacheable.init   in block ITCM_VAR
  section NonCacheable             in block DTCM_VAR
  section NonCacheable.init        in block DTCM_VAR
  section OCRAM_CACHE              in block OCRAM_VAR
  section OCRAM_CACHE.init         in block OCRAM_VAR
  section SDRAM_CACHE              in block SDRAM_VAR
  section SDRAM_CACHE.init         in block SDRAM_VAR
  section SDRAM_NonCacheable       in block SDRAM_NCACHE_VAR
  section SDRAM_NonCacheable.init  in block SDRAM_NCACHE_VAR
  section m_usb_dma_init_data      in block RW
  section m_usb_dma_noninit_data   in block ZI


  Section              Kind         Address    Size  Object
  -------              ----         -------    ----  ------
"P3-P5|P9", part 1 of 2:                       0xe9
  P3-P5|P9 s0                   0x2000'0000    0xe9  <Init block>
    .data              inited   0x2000'0000    0x2c  zf_driver_gpio.o [1]
    .data              inited   0x2000'002c    0x24  zf_driver_uart.o [1]
    .data              inited   0x2000'0050    0x14  main.o [1]
    .data              inited   0x2000'0064    0x14  zf_driver_encoder.o [1]
    .data              inited   0x2000'0078    0x14  zf_driver_pwm.o [1]
    .data              inited   0x2000'008c    0x14  zf_driver_spi.o [1]
    .data              inited   0x2000'00a0     0xc  zf_driver_adc.o [1]
    .data              inited   0x2000'00ac     0x8  main.o [1]
    .data              inited   0x2000'00b4     0x4  main.o [1]
    .data              inited   0x2000'00b8     0x4  main.o [1]
    .data              inited   0x2000'00bc     0x4  main.o [1]
    .data              inited   0x2000'00c0     0x4  main.o [1]
    .data              inited   0x2000'00c4     0x4  system_MIMXRT1064.o [1]
    .data              inited   0x2000'00c8     0x4  zf_common_clock.o [1]
    .data              inited   0x2000'00cc     0x4  zf_device_type.o [1]
    .data              inited   0x2000'00d0     0x4  zf_device_type.o [1]
    .data              inited   0x2000'00d4     0x4  zf_device_type.o [1]
    .data              inited   0x2000'00d8     0x4  zf_device_type.o [1]
    .data              inited   0x2000'00dc     0x4  zf_device_type.o [1]
    .data              inited   0x2000'00e0     0x2  zf_device_tft180.o [1]
    .data              inited   0x2000'00e2     0x2  zf_device_tft180.o [1]
    .data              inited   0x2000'00e4     0x1  zf_common_debug.o [1]
    .data              inited   0x2000'00e5     0x1  zf_device_tft180.o [1]
    .data              inited   0x2000'00e6     0x1  zf_device_tft180.o [1]
    .data              inited   0x2000'00e7     0x1  zf_device_tft180.o [1]
    .data              inited   0x2000'00e8     0x1  zf_device_tft180.o [1]
                              - 0x2000'00e9    0xe9

"P3-P5|P9", part 2 of 2:                      0x404
  ZI                            0x2000'0100   0x404  <Block>
    .bss               zero     0x2000'0100     0x4  fsl_clock.o [1]
    .bss               zero     0x2000'0104     0x4  fsl_clock.o [1]
    .bss               zero     0x2000'0108     0x4  fsl_csi.o [1]
    .bss               zero     0x2000'010c     0x4  fsl_csi.o [1]
    .bss               zero     0x2000'0110    0x14  fsl_debug_console.o [1]
    .bss               zero     0x2000'0124    0x80  fsl_edma.o [1]
    .bss               zero     0x2000'01a4     0x8  fsl_enet.o [1]
    .bss               zero     0x2000'01ac     0x8  fsl_enet.o [1]
    .bss               zero     0x2000'01b4     0x8  fsl_enet.o [1]
    .bss               zero     0x2000'01bc     0x8  fsl_enet.o [1]
    .bss               zero     0x2000'01c4     0x8  fsl_enet.o [1]
    .bss               zero     0x2000'01cc     0x8  fsl_enet.o [1]
    .bss               zero     0x2000'01d4    0x10  fsl_flexcan.o [1]
    .bss               zero     0x2000'01e4     0x4  fsl_flexcan.o [1]
    .bss               zero     0x2000'01e8     0x8  fsl_flexio.o [1]
    .bss               zero     0x2000'01f0     0x8  fsl_flexio.o [1]
    .bss               zero     0x2000'01f8     0x8  fsl_flexio.o [1]
    .bss               zero     0x2000'0200     0x4  fsl_lpi2c.o [1]
    .bss               zero     0x2000'0204    0x14  fsl_lpi2c.o [1]
    .bss               zero     0x2000'0218     0x4  fsl_lpi2c.o [1]
    .bss               zero     0x2000'021c    0x14  fsl_lpi2c.o [1]
    .bss               zero     0x2000'0230    0x14  fsl_lpspi.o [1]
    .bss               zero     0x2000'0244     0x4  fsl_lpspi.o [1]
    .bss               zero     0x2000'0248     0x4  fsl_lpspi.o [1]
    .bss               zero     0x2000'024c     0x8  fsl_lpspi.o [1]
    .bss               zero     0x2000'0254    0x24  fsl_lpuart.o [1]
    .bss               zero     0x2000'0278     0x4  fsl_lpuart.o [1]
    .bss               zero     0x2000'027c    0x20  fsl_sai.o [1]
    .bss               zero     0x2000'029c     0x4  fsl_sai.o [1]
    .bss               zero     0x2000'02a0     0x4  fsl_sai.o [1]
    .bss               zero     0x2000'02a4     0x8  fsl_spdif.o [1]
    .bss               zero     0x2000'02ac     0x4  fsl_spdif.o [1]
    .bss               zero     0x2000'02b0     0x4  fsl_spdif.o [1]
    .bss               zero     0x2000'02b4     0xc  fsl_usdhc.o [1]
    .bss               zero     0x2000'02c0     0x4  fsl_usdhc.o [1]
    .bss               zero     0x2000'02c4     0x1  main.o [1]
    .bss               zero     0x2000'02c8     0xc  main.o [1]
    .bss               zero     0x2000'02d4     0x2  main.o [1]
    .bss               zero     0x2000'02d6     0x1  main.o [1]
    .bss               zero     0x2000'02d7     0x1  main.o [1]
    .bss               zero     0x2000'02d8     0x1  main.o [1]
    .bss               zero     0x2000'02da     0x2  main.o [1]
    .bss               zero     0x2000'02dc     0x1  main.o [1]
    .bss               zero     0x2000'02dd     0x1  main.o [1]
    .bss               zero     0x2000'02e0     0x4  main.o [1]
    .bss               zero     0x2000'02e4     0x4  main.o [1]
    .bss               zero     0x2000'02e8     0x4  main.o [1]
    .bss               zero     0x2000'02ec     0x4  main.o [1]
    .bss               zero     0x2000'02f0     0x4  main.o [1]
    .bss               zero     0x2000'02f4     0x4  main.o [1]
    .bss               zero     0x2000'02f8     0x4  main.o [1]
    .bss               zero     0x2000'02fc     0x4  main.o [1]
    .bss               zero     0x2000'0300     0x4  main.o [1]
    .bss               zero     0x2000'0304     0x4  main.o [1]
    .bss               zero     0x2000'0308     0x4  main.o [1]
    .bss               zero     0x2000'030c     0x4  main.o [1]
    .bss               zero     0x2000'0310     0x4  main.o [1]
    .bss               zero     0x2000'0314     0x4  main.o [1]
    .bss               zero     0x2000'0318     0x4  main.o [1]
    .bss               zero     0x2000'031c     0x4  main.o [1]
    .bss               zero     0x2000'0320     0x4  main.o [1]
    .bss               zero     0x2000'0324     0x4  main.o [1]
    .bss               zero     0x2000'0328     0x4  main.o [1]
    .bss               zero     0x2000'032c     0x4  main.o [1]
    .bss               zero     0x2000'0330    0x14  main.o [1]
    .bss               zero     0x2000'0344    0x40  zf_common_debug.o [1]
    .bss               zero     0x2000'0384     0x1  zf_common_debug.o [1]
    .bss               zero     0x2000'0388    0x18  zf_common_debug.o [1]
    .bss               zero     0x2000'03a0    0x14  zf_common_debug.o [1]
    .bss               zero     0x2000'03b4     0x1  zf_common_debug.o [1]
    .bss               zero     0x2000'03b5     0x1  zf_common_debug.o [1]
    .bss               zero     0x2000'03b8     0x4  zf_common_interrupt.o [1]
    .bss               zero     0x2000'03bc     0x1  zf_device_gps_tau1201.o [1]
    .bss               zero     0x2000'03bd     0x1  zf_device_gps_tau1201.o [1]
    .bss               zero     0x2000'03c0    0x18  zf_device_gps_tau1201.o [1]
    .bss               zero     0x2000'03d8     0x1  zf_device_gps_tau1201.o [1]
    .bss               zero     0x2000'03d9     0x1  zf_device_gps_tau1201.o [1]
    .bss               zero     0x2000'03dc    0x80  zf_device_gps_tau1201.o [1]
    .bss               zero     0x2000'045c    0x80  zf_device_gps_tau1201.o [1]
    .bss               zero     0x2000'04dc     0x4  zf_device_key.o [1]
    .bss               zero     0x2000'04e0     0x4  zf_device_key.o [1]
    .bss               zero     0x2000'04e4     0x1  zf_driver_pit.o [1]
    .bss               zero     0x2000'04e8     0xc  zf_driver_spi.o [1]
    .bss               zero     0x2000'04f4    0x10  zf_driver_usb_cdc.o [1]
                              - 0x2000'0504   0x404

"P7":                                        0x1000
  CSTACK                        0x2006'f000  0x1000  <Block>
    CSTACK             uninit   0x2006'f000  0x1000  <Block tail>
                              - 0x2007'0000  0x1000

"A2":                                         0x200
  .boot_hdr.conf       const    0x7000'0000   0x200  evkmimxrt1064_flexspi_nor_config.o [1]
                              - 0x7000'0200   0x200

"A3":                                          0x20
  .boot_hdr.ivt        const    0x7000'1000    0x20  fsl_flexspi_nor_boot.o [1]
                              - 0x7000'1020    0x20

"A4":                                          0x10
  .boot_hdr.boot_data  const    0x7000'1020    0x10  fsl_flexspi_nor_boot.o [1]
                              - 0x7000'1030    0x10

"A5":                                         0x410
  .boot_hdr.dcd_data   const    0x7000'1030   0x410  evkmimxrt1064_sdram_ini_dcd.o [1]
                              - 0x7000'1440   0x410

"A0":                                         0x440
  .intvec              const    0x7000'2000   0x400  zf_common_vector.o [1]
  .intvec              ro code  0x7000'2400    0x40  vector_table_M.o [4]
                              - 0x7000'2440   0x440

"P1":                                        0x8d3c
  .text                ro code  0x7000'2440   0x1f6  lz77_init.o [4]
  .text                ro code  0x7000'2636     0x6  abort.o [2]
  .text                ro code  0x7000'263c    0x14  exit.o [5]
  .text                ro code  0x7000'2650   0x126  system_MIMXRT1064.o [1]
  .text                ro code  0x7000'2776    0x3a  zero_init3.o [4]
  .text                ro code  0x7000'27b0    0x6c  startup_MIMXRT1064.o [1]
  .text                ro code  0x7000'281c    0x28  data_init.o [4]
  .text                ro code  0x7000'2844    0x22  fpinit_M.o [3]
  .iar.init_table      const    0x7000'2868    0x48  - Linker created -
  Veneer               ro code  0x7000'28b0     0x8  - Linker created -
  Veneer               ro code  0x7000'28b8     0x8  - Linker created -
  .text                ro code  0x7000'28c0    0x1e  cmain.o [4]
  .text                ro code  0x7000'28de     0x4  low_level_init.o [2]
  .text                ro code  0x7000'28e2     0xc  cstartup_M.o [4]
  .rodata              const    0x7000'28ee     0x0  zero_init3.o [4]
  .rodata              const    0x7000'28ee     0x0  lz77_init.o [4]
  Initializer bytes    const    0x7000'28ee  0x87e5  <for RW-1>
  Initializer bytes    const    0x7000'b0d3    0xa9  <for P3-P5|P9 s0>
                              - 0x7000'b17c  0x8d3c

"P2|P11":                                    0xd81e
  RW                            0x8000'0400  0xd81e  <Block>
    RW-1                        0x8000'0400  0xd81e  <Init block>
      .rodata          inited   0x8000'0400   0x420  pow64.o [3]
      .rodata          inited   0x8000'0820    0x18  clock_config.o [1]
      .rodata          inited   0x8000'0838    0x60  clock_config.o [1]
      .rodata          inited   0x8000'0898    0x10  clock_config.o [1]
      .rodata          inited   0x8000'08a8     0x8  clock_config.o [1]
      .rodata          inited   0x8000'08b0    0x10  fsl_adc.o [1]
      .rodata          inited   0x8000'08c0    0x60  fsl_adc.o [1]
      .rodata          inited   0x8000'0920    0x20  fsl_adc.o [1]
      .rodata          inited   0x8000'0940    0x60  fsl_adc.o [1]
      .rodata          inited   0x8000'09a0    0x3c  fsl_adc.o [1]
      .rodata          inited   0x8000'09dc    0x60  fsl_adc.o [1]
      .rodata          inited   0x8000'0a3c     0xc  fsl_adc.o [1]
      .rodata          inited   0x8000'0a48     0xc  fsl_adc.o [1]
      .rodata          inited   0x8000'0a54     0x8  fsl_adc.o [1]
      .rodata          inited   0x8000'0a5c    0x2c  fsl_assert.o [1]
      .rodata          inited   0x8000'0a88    0x10  fsl_clock.o [1]
      .rodata          inited   0x8000'0a98    0x60  fsl_clock.o [1]
      .rodata          inited   0x8000'0af8    0x10  fsl_clock.o [1]
      .rodata          inited   0x8000'0b08    0x60  fsl_edma.o [1]
      .rodata          inited   0x8000'0b68    0x1c  fsl_edma.o [1]
      .rodata          inited   0x8000'0b84     0xc  fsl_edma.o [1]
      .rodata          inited   0x8000'0b90    0x3c  fsl_enet.o [1]
      .rodata          inited   0x8000'0bcc    0x60  fsl_enet.o [1]
      .rodata          inited   0x8000'0c2c     0x8  fsl_enet.o [1]
      .rodata          inited   0x8000'0c34    0x64  fsl_flexcan.o [1]
      .rodata          inited   0x8000'0c98    0x18  fsl_flexcan.o [1]
      .rodata          inited   0x8000'0cb0    0x18  fsl_flexcan.o [1]
      .rodata          inited   0x8000'0cc8    0x18  fsl_flexcan.o [1]
      .rodata          inited   0x8000'0ce0    0x10  fsl_gpio.o [1]
      .rodata          inited   0x8000'0cf0    0x60  fsl_gpio.o [1]
      .rodata          inited   0x8000'0d50    0x3c  fsl_gpio.o [1]
      .rodata          inited   0x8000'0d8c    0x60  fsl_gpio.o [1]
      .rodata          inited   0x8000'0dec     0xc  fsl_gpio.o [1]
      .rodata          inited   0x8000'0df8    0x2c  fsl_gpio.o [1]
      .rodata          inited   0x8000'0e24     0xc  fsl_gpio.o [1]
      .rodata          inited   0x8000'0e30    0x10  fsl_gpt.o [1]
      .rodata          inited   0x8000'0e40    0x60  fsl_gpt.o [1]
      .rodata          inited   0x8000'0ea0    0x1c  fsl_gpt.o [1]
      .rodata          inited   0x8000'0ebc    0x60  fsl_gpt.o [1]
      .rodata          inited   0x8000'0f1c    0x3c  fsl_gpt.o [1]
      .rodata          inited   0x8000'0f58    0x60  fsl_gpt.o [1]
      .rodata          inited   0x8000'0fb8    0x10  fsl_gpt.o [1]
      .rodata          inited   0x8000'0fc8     0xc  fsl_gpt.o [1]
      .rodata          inited   0x8000'0fd4     0xc  fsl_gpt.o [1]
      .rodata          inited   0x8000'0fe0     0x8  fsl_gpt.o [1]
      .rodata          inited   0x8000'0fe8    0x10  fsl_lpspi.o [1]
      .rodata          inited   0x8000'0ff8    0x60  fsl_lpspi.o [1]
      .rodata          inited   0x8000'1058    0x40  fsl_lpspi.o [1]
      .rodata          inited   0x8000'1098    0x60  fsl_lpspi.o [1]
      .rodata          inited   0x8000'10f8    0x14  fsl_lpspi.o [1]
      .rodata          inited   0x8000'110c    0x18  fsl_lpspi.o [1]
      .rodata          inited   0x8000'1124    0x10  fsl_lpspi.o [1]
      .rodata          inited   0x8000'1134     0xc  fsl_lpspi.o [1]
      .rodata          inited   0x8000'1140     0xc  fsl_lpspi.o [1]
      .rodata          inited   0x8000'114c    0x18  fsl_lpspi.o [1]
      .rodata          inited   0x8000'1164    0x18  fsl_lpspi.o [1]
      .rodata          inited   0x8000'117c    0x18  fsl_lpspi.o [1]
      .rodata          inited   0x8000'1194    0x18  fsl_lpspi.o [1]
      .rodata          inited   0x8000'11ac     0x8  fsl_lpspi.o [1]
      .rodata          inited   0x8000'11b4    0x14  fsl_lpspi.o [1]
      .rodata          inited   0x8000'11c8     0xc  fsl_lpspi.o [1]
      .rodata          inited   0x8000'11d4    0x10  fsl_lpuart.o [1]
      .rodata          inited   0x8000'11e4    0x60  fsl_lpuart.o [1]
      .rodata          inited   0x8000'1244    0x40  fsl_lpuart.o [1]
      .rodata          inited   0x8000'1284    0x64  fsl_lpuart.o [1]
      .rodata          inited   0x8000'12e8     0xc  fsl_lpuart.o [1]
      .rodata          inited   0x8000'12f4    0x1c  fsl_lpuart.o [1]
      .rodata          inited   0x8000'1310    0x28  fsl_lpuart.o [1]
      .rodata          inited   0x8000'1338    0x28  fsl_lpuart.o [1]
      .rodata          inited   0x8000'1360    0x24  fsl_lpuart.o [1]
      .rodata          inited   0x8000'1384    0x14  fsl_lpuart.o [1]
      .rodata          inited   0x8000'1398    0x10  fsl_pit.o [1]
      .rodata          inited   0x8000'13a8    0x60  fsl_pit.o [1]
      .rodata          inited   0x8000'1408    0x3c  fsl_pit.o [1]
      .rodata          inited   0x8000'1444    0x60  fsl_pit.o [1]
      .rodata          inited   0x8000'14a4     0xc  fsl_pit.o [1]
      .rodata          inited   0x8000'14b0     0x4  fsl_pit.o [1]
      .rodata          inited   0x8000'14b4    0x10  fsl_pwm.o [1]
      .rodata          inited   0x8000'14c4    0x60  fsl_pwm.o [1]
      .rodata          inited   0x8000'1524    0x3c  fsl_pwm.o [1]
      .rodata          inited   0x8000'1560    0x60  fsl_pwm.o [1]
      .rodata          inited   0x8000'15c0     0x8  fsl_pwm.o [1]
      .rodata          inited   0x8000'15c8     0xc  fsl_pwm.o [1]
      .rodata          inited   0x8000'15d4     0xc  fsl_pwm.o [1]
      .rodata          inited   0x8000'15e0     0xc  fsl_pwm.o [1]
      .rodata          inited   0x8000'15ec     0xc  fsl_pwm.o [1]
      .rodata          inited   0x8000'15f8    0x1c  fsl_pwm.o [1]
      .rodata          inited   0x8000'1614    0x14  fsl_pwm.o [1]
      .rodata          inited   0x8000'1628    0x28  fsl_pwm.o [1]
      .rodata          inited   0x8000'1650    0x10  fsl_qtmr.o [1]
      .rodata          inited   0x8000'1660    0x60  fsl_qtmr.o [1]
      .rodata          inited   0x8000'16c0    0x3c  fsl_qtmr.o [1]
      .rodata          inited   0x8000'16fc    0x60  fsl_qtmr.o [1]
      .rodata          inited   0x8000'175c     0xc  fsl_qtmr.o [1]
      .rodata          inited   0x8000'1768    0x14  fsl_qtmr.o [1]
      .rodata          inited   0x8000'177c     0xc  fsl_qtmr.o [1]
      .rodata          inited   0x8000'1788    0x60  fsl_sai.o [1]
      .rodata          inited   0x8000'17e8    0x18  fsl_sai.o [1]
      .rodata          inited   0x8000'1800    0x18  fsl_sai.o [1]
      .rodata          inited   0x8000'1818     0xc  fsl_usdhc.o [1]
      .rodata          inited   0x8000'1824     0xc  zf_common_debug.o [1]
      .rodata          inited   0x8000'1830    0x10  zf_common_debug.o [1]
      .rodata          inited   0x8000'1840     0xc  zf_common_debug.o [1]
      .rodata          inited   0x8000'184c    0x1c  zf_common_debug.o [1]
      .rodata          inited   0x8000'1868    0x18  zf_common_debug.o [1]
      .rodata          inited   0x8000'1880    0x10  zf_common_debug.o [1]
      .rodata          inited   0x8000'1890    0x64  zf_common_fifo.o [1]
      .rodata          inited   0x8000'18f4   0x5f0  zf_common_font.o [1]
      .rodata          inited   0x8000'1ee4   0x228  zf_common_font.o [1]
      .rodata          inited   0x8000'210c    0x68  zf_common_function.o [1]
      .rodata          inited   0x8000'2174    0x64  zf_device_key.o [1]
      .rodata          inited   0x8000'21d8     0x4  zf_device_key.o [1]
      .rodata          inited   0x8000'21dc    0x68  zf_device_tft180.o [1]
      .rodata          inited   0x8000'2244    0x20  zf_driver_adc.o [1]
      .rodata          inited   0x8000'2264    0x7c  zf_driver_adc.o [1]
      .rodata          inited   0x8000'22e0    0x64  zf_driver_adc.o [1]
      .rodata          inited   0x8000'2344    0x28  zf_driver_delay.o [1]
      .rodata          inited   0x8000'236c    0x7c  zf_driver_delay.o [1]
      .rodata          inited   0x8000'23e8    0x68  zf_driver_encoder.o [1]
      .rodata          inited   0x8000'2450     0xc  zf_driver_gpio.o [1]
      .rodata          inited   0x8000'245c    0x7c  zf_driver_gpio.o [1]
      .rodata          inited   0x8000'24d8     0xc  zf_driver_pit.o [1]
      .rodata          inited   0x8000'24e4    0x7c  zf_driver_pit.o [1]
      .rodata          inited   0x8000'2560     0xc  zf_driver_pit.o [1]
      .rodata          inited   0x8000'256c    0x64  zf_driver_pwm.o [1]
      .rodata          inited   0x8000'25d0    0x18  zf_driver_spi.o [1]
      .rodata          inited   0x8000'25e8    0x60  zf_driver_spi.o [1]
      .rodata          inited   0x8000'2648    0x64  zf_driver_spi.o [1]
      .rodata          inited   0x8000'26ac    0x64  zf_driver_uart.o [1]
      .text            inited   0x8000'2710   0x2ac  board.o [1]
      .text            inited   0x8000'29bc   0x71c  clock_config.o [1]
      .text            inited   0x8000'30d8   0x2f0  fsl_adc.o [1]
      .text            inited   0x8000'33c8    0x1c  fsl_assert.o [1]
      .text            inited   0x8000'33e4   0x820  fsl_clock.o [1]
      .text            inited   0x8000'3c04    0x24  fsl_csi.o [1]
      .text            inited   0x8000'3c28   0xb1c  fsl_debug_console.o [1]
      .text            inited   0x8000'4744   0x4d4  fsl_edma.o [1]
      .text            inited   0x8000'4c18   0x150  fsl_enet.o [1]
      .text            inited   0x8000'4d68    0xa4  fsl_flexcan.o [1]
      .text            inited   0x8000'4e0c    0x68  fsl_flexio.o [1]
      .text            inited   0x8000'4e74   0x22e  fsl_gpio.o [1]
      .text            inited   0x8000'50a4   0x250  fsl_gpt.o [1]
      .text            inited   0x8000'52f4    0x94  fsl_lpi2c.o [1]
      .text            inited   0x8000'5388   0xc70  fsl_lpspi.o [1]
      .text            inited   0x8000'5ff8   0x520  fsl_lpuart.o [1]
      .text            inited   0x8000'6518   0x164  fsl_pit.o [1]
      .text            inited   0x8000'667c   0xb30  fsl_pwm.o [1]
      .text            inited   0x8000'71ac   0x1e4  fsl_qtmr.o [1]
      .text            inited   0x8000'7390   0x148  fsl_sai.o [1]
      .text            inited   0x8000'74d8    0x48  fsl_spdif.o [1]
      .text            inited   0x8000'7520    0x38  fsl_usdhc.o [1]
      .text            inited   0x8000'7558   0x25c  isr.o [1]
      .text            inited   0x8000'77b4   0xc1c  main.o [1]
      .text            inited   0x8000'83d0   0x176  usb_device_dci.o [1]
      .text            inited   0x8000'8548   0x5e4  usb_device_ehci.o [1]
      .text            inited   0x8000'8b2c    0x20  zf_common_clock.o [1]
      .text            inited   0x8000'8b4c   0x514  zf_common_debug.o [1]
      .text            inited   0x8000'9060   0x4e4  zf_common_fifo.o [1]
      .text            inited   0x8000'9544   0x100  zf_common_function.o [1]
      .text            inited   0x8000'9644    0xc4  zf_common_interrupt.o [1]
      .text            inited   0x8000'9708    0xd8  zf_device_gps_tau1201.o [1]
      .text            inited   0x8000'97e0    0x60  zf_device_key.o [1]
      .text            inited   0x8000'9840   0xad8  zf_device_tft180.o [1]
      .text            inited   0x8000'a318     0x2  zf_device_type.o [1]
      .text            inited   0x8000'a31c   0x284  zf_driver_adc.o [1]
      .text            inited   0x8000'a5a0    0xc8  zf_driver_delay.o [1]
      .text            inited   0x8000'a668   0x5ac  zf_driver_encoder.o [1]
      .text            inited   0x8000'ac14   0x288  zf_driver_gpio.o [1]
      .text            inited   0x8000'ae9c   0x190  zf_driver_pit.o [1]
      .text            inited   0x8000'b02c   0x90c  zf_driver_pwm.o [1]
      .text            inited   0x8000'b938   0x9b0  zf_driver_spi.o [1]
      .text            inited   0x8000'c2e8   0x5b0  zf_driver_uart.o [1]
      .text            inited   0x8000'c898    0x20  zf_driver_usb_cdc.o [1]
      .text            inited   0x8000'c8b8    0xa6  ABImemcpy.o [4]
      .text            inited   0x8000'c960    0x66  ABImemset.o [4]
      .text            inited   0x8000'c9c8   0x274  I64DivMod.o [4]
      .text            inited   0x8000'cc3c    0x5c  DblToS64.o [3]
      .text            inited   0x8000'cc98    0x52  S64ToDbl.o [3]
      .text            inited   0x8000'ccec    0x9e  modf.o [3]
      .text            inited   0x8000'cd8c   0x570  pow64.o [3]
      .text            inited   0x8000'd2fc    0x36  strlen.o [4]
      .text            inited   0x8000'd334    0x40  sprintf.o [2]
      .text            inited   0x8000'd374     0x2  I64DivZer.o [4]
      .text            inited   0x8000'd378   0x368  iar_Exp64.o [3]
      .text            inited   0x8000'd6e0    0x7c  frexp.o [3]
      .text            inited   0x8000'd75c    0xf0  ldexp.o [3]
      Veneer           inited   0x8000'd84c     0x8  - Linker created -
      .text            inited   0x8000'd854     0xa  cexit.o [4]
      .rodata          inited   0x8000'd85e     0x2  fsl_pit.o [1]
      .text            inited   0x8000'd860    0x12  zf_common_vector.o [1]
      .text            inited   0x8000'd872     0x8  zf_common_vector.o [1]
      .text            inited   0x8000'd87a     0x8  zf_common_vector.o [1]
      .text            inited   0x8000'd882     0x8  zf_common_vector.o [1]
      .text            inited   0x8000'd88a     0x8  zf_common_vector.o [1]
      .text            inited   0x8000'd892     0x8  zf_common_vector.o [1]
      .text            inited   0x8000'd89a     0x8  zf_common_vector.o [1]
      .text            inited   0x8000'd8a2     0x8  zf_common_vector.o [1]
      .text            inited   0x8000'd8aa     0x8  zf_common_vector.o [1]
      .text            inited   0x8000'd8b2     0x8  zf_common_vector.o [1]
      .text            inited   0x8000'd8ba     0x8  zf_common_vector.o [1]
      .text            inited   0x8000'd8c2     0x8  zf_common_vector.o [1]
      .text            inited   0x8000'd8ca     0x8  zf_common_vector.o [1]
      .text            inited   0x8000'd8d2     0x8  zf_common_vector.o [1]
      .text            inited   0x8000'd8da     0x8  zf_common_vector.o [1]
      .text            inited   0x8000'd8e2     0x8  zf_common_vector.o [1]
      .text            inited   0x8000'd8ea     0x8  zf_common_vector.o [1]
      .text            inited   0x8000'd8f2     0x8  zf_common_vector.o [1]
      .text            inited   0x8000'd8fa     0x2  zf_common_vector.o [1]
      .text            inited   0x8000'd8fc     0x2  zf_common_vector.o [1]
      .text            inited   0x8000'd8fe     0x2  zf_common_vector.o [1]
      .text            inited   0x8000'd900     0x8  zf_common_vector.o [1]
      .text            inited   0x8000'd908     0x8  zf_common_vector.o [1]
      .text            inited   0x8000'd910     0x8  zf_common_vector.o [1]
      .text            inited   0x8000'd918     0x8  zf_common_vector.o [1]
      .text            inited   0x8000'd920     0x8  zf_common_vector.o [1]
      .text            inited   0x8000'd928     0x8  zf_common_vector.o [1]
      .text            inited   0x8000'd930     0x8  zf_common_vector.o [1]
      .text            inited   0x8000'd938     0x8  zf_common_vector.o [1]
      .text            inited   0x8000'd940     0x8  zf_common_vector.o [1]
      .text            inited   0x8000'd948     0x8  zf_common_vector.o [1]
      .text            inited   0x8000'd950     0x8  zf_common_vector.o [1]
      .text            inited   0x8000'd958     0x2  zf_common_vector.o [1]
      .text            inited   0x8000'd95a     0x2  zf_common_vector.o [1]
      .text            inited   0x8000'd95c     0x2  zf_common_vector.o [1]
      .text            inited   0x8000'd95e     0x2  zf_common_vector.o [1]
      .text            inited   0x8000'd960     0x2  zf_common_vector.o [1]
      .text            inited   0x8000'd962     0x2  zf_common_vector.o [1]
      .text            inited   0x8000'd964     0x2  zf_common_vector.o [1]
      .text            inited   0x8000'd966     0x2  zf_common_vector.o [1]
      .text            inited   0x8000'd968     0x2  zf_common_vector.o [1]
      .text            inited   0x8000'd96a     0x2  zf_common_vector.o [1]
      .text            inited   0x8000'd96c     0x2  zf_common_vector.o [1]
      .text            inited   0x8000'd96e     0x2  zf_common_vector.o [1]
      .text            inited   0x8000'd970     0x2  zf_common_vector.o [1]
      .text            inited   0x8000'd972     0x2  zf_common_vector.o [1]
      .text            inited   0x8000'd974     0x2  zf_common_vector.o [1]
      .text            inited   0x8000'd976     0x2  zf_common_vector.o [1]
      .text            inited   0x8000'd978     0x2  zf_common_vector.o [1]
      .text            inited   0x8000'd97a     0x8  zf_common_vector.o [1]
      .text            inited   0x8000'd982     0x8  zf_common_vector.o [1]
      .text            inited   0x8000'd98a     0x8  zf_common_vector.o [1]
      .text            inited   0x8000'd992     0x8  zf_common_vector.o [1]
      .text            inited   0x8000'd99a     0x8  zf_common_vector.o [1]
      .text            inited   0x8000'd9a2     0x2  zf_common_vector.o [1]
      .text            inited   0x8000'd9a4     0x2  zf_common_vector.o [1]
      .text            inited   0x8000'd9a6     0x2  zf_common_vector.o [1]
      .text            inited   0x8000'd9a8     0x2  zf_common_vector.o [1]
      .text            inited   0x8000'd9aa     0x2  zf_common_vector.o [1]
      .text            inited   0x8000'd9ac     0x2  zf_common_vector.o [1]
      .text            inited   0x8000'd9ae     0x2  zf_common_vector.o [1]
      .text            inited   0x8000'd9b0     0x2  zf_common_vector.o [1]
      .text            inited   0x8000'd9b2     0x2  zf_common_vector.o [1]
      .text            inited   0x8000'd9b4     0x2  zf_common_vector.o [1]
      .text            inited   0x8000'd9b6     0x2  zf_common_vector.o [1]
      .text            inited   0x8000'd9b8     0x2  zf_common_vector.o [1]
      .text            inited   0x8000'd9ba     0x2  zf_common_vector.o [1]
      .text            inited   0x8000'd9bc     0x2  zf_common_vector.o [1]
      .text            inited   0x8000'd9be     0x2  zf_common_vector.o [1]
      .text            inited   0x8000'd9c0     0x2  zf_common_vector.o [1]
      .text            inited   0x8000'd9c2     0x2  zf_common_vector.o [1]
      .text            inited   0x8000'd9c4     0x2  zf_common_vector.o [1]
      .text            inited   0x8000'd9c6     0x2  zf_common_vector.o [1]
      .text            inited   0x8000'd9c8     0x2  zf_common_vector.o [1]
      .text            inited   0x8000'd9ca     0x2  zf_common_vector.o [1]
      .text            inited   0x8000'd9cc     0x2  zf_common_vector.o [1]
      .text            inited   0x8000'd9ce     0x2  zf_common_vector.o [1]
      .text            inited   0x8000'd9d0     0x2  zf_common_vector.o [1]
      .text            inited   0x8000'd9d2     0x8  zf_common_vector.o [1]
      .text            inited   0x8000'd9da     0x8  zf_common_vector.o [1]
      .text            inited   0x8000'd9e2     0x2  zf_common_vector.o [1]
      .text            inited   0x8000'd9e4     0x2  zf_common_vector.o [1]
      .text            inited   0x8000'd9e6     0x2  zf_common_vector.o [1]
      .text            inited   0x8000'd9e8     0x2  zf_common_vector.o [1]
      .text            inited   0x8000'd9ea     0x2  zf_common_vector.o [1]
      .text            inited   0x8000'd9ec     0x2  zf_common_vector.o [1]
      .text            inited   0x8000'd9ee     0x2  zf_common_vector.o [1]
      .text            inited   0x8000'd9f0     0x2  zf_common_vector.o [1]
      .text            inited   0x8000'd9f2     0x2  zf_common_vector.o [1]
      .text            inited   0x8000'd9f4     0x2  zf_common_vector.o [1]
      .text            inited   0x8000'd9f6     0x2  zf_common_vector.o [1]
      .text            inited   0x8000'd9f8     0x2  zf_common_vector.o [1]
      .text            inited   0x8000'd9fa     0x2  zf_common_vector.o [1]
      .text            inited   0x8000'd9fc     0x2  zf_common_vector.o [1]
      .text            inited   0x8000'd9fe     0x2  zf_common_vector.o [1]
      .text            inited   0x8000'da00     0x8  zf_common_vector.o [1]
      .text            inited   0x8000'da08     0x8  zf_common_vector.o [1]
      .text            inited   0x8000'da10     0x2  zf_common_vector.o [1]
      .text            inited   0x8000'da12     0x8  zf_common_vector.o [1]
      .text            inited   0x8000'da1a     0x8  zf_common_vector.o [1]
      .text            inited   0x8000'da22     0x8  zf_common_vector.o [1]
      .text            inited   0x8000'da2a     0x8  zf_common_vector.o [1]
      .text            inited   0x8000'da32     0x2  zf_common_vector.o [1]
      .text            inited   0x8000'da34     0x2  zf_common_vector.o [1]
      .text            inited   0x8000'da36     0x2  zf_common_vector.o [1]
      .text            inited   0x8000'da38     0x2  zf_common_vector.o [1]
      .text            inited   0x8000'da3a     0x2  zf_common_vector.o [1]
      .text            inited   0x8000'da3c     0x2  zf_common_vector.o [1]
      .text            inited   0x8000'da3e     0x2  zf_common_vector.o [1]
      .text            inited   0x8000'da40     0x2  zf_common_vector.o [1]
      .text            inited   0x8000'da42     0x2  zf_common_vector.o [1]
      .text            inited   0x8000'da44     0x2  zf_common_vector.o [1]
      .text            inited   0x8000'da46     0x2  zf_common_vector.o [1]
      .text            inited   0x8000'da48     0x2  zf_common_vector.o [1]
      .text            inited   0x8000'da4a     0x2  zf_common_vector.o [1]
      .text            inited   0x8000'da4c     0x2  zf_common_vector.o [1]
      .text            inited   0x8000'da4e     0x2  zf_common_vector.o [1]
      .text            inited   0x8000'da50     0x2  zf_common_vector.o [1]
      .text            inited   0x8000'da52     0x2  zf_common_vector.o [1]
      .text            inited   0x8000'da54     0x2  zf_common_vector.o [1]
      .text            inited   0x8000'da56     0x2  zf_common_vector.o [1]
      .text            inited   0x8000'da58     0x2  zf_common_vector.o [1]
      .text            inited   0x8000'da5a     0x2  zf_common_vector.o [1]
      .text            inited   0x8000'da5c     0x2  zf_common_vector.o [1]
      .text            inited   0x8000'da5e     0x2  zf_common_vector.o [1]
      .text            inited   0x8000'da60     0x2  zf_common_vector.o [1]
      .text            inited   0x8000'da62     0x2  zf_common_vector.o [1]
      .text            inited   0x8000'da64     0x2  zf_common_vector.o [1]
      .text            inited   0x8000'da66     0x2  zf_common_vector.o [1]
      .text            inited   0x8000'da68     0x2  zf_common_vector.o [1]
      .text            inited   0x8000'da6a     0x2  zf_common_vector.o [1]
      .text            inited   0x8000'da6c     0x2  zf_common_vector.o [1]
      .text            inited   0x8000'da6e     0x2  zf_common_vector.o [1]
      .text            inited   0x8000'da70     0x2  zf_common_vector.o [1]
      .text            inited   0x8000'da72     0x2  zf_common_vector.o [1]
      .text            inited   0x8000'da74     0x2  zf_common_vector.o [1]
      .text            inited   0x8000'da76     0x2  zf_common_vector.o [1]
      .text            inited   0x8000'da78     0x8  zf_common_vector.o [1]
      .text            inited   0x8000'da80     0x8  zf_common_vector.o [1]
      .text            inited   0x8000'da88     0x8  zf_common_vector.o [1]
      .text            inited   0x8000'da90     0x2  zf_common_vector.o [1]
      .text            inited   0x8000'da92     0x8  zf_common_vector.o [1]
      .text            inited   0x8000'da9a     0x2  zf_common_vector.o [1]
      .text            inited   0x8000'da9c     0x2  zf_common_vector.o [1]
      .text            inited   0x8000'da9e     0x2  zf_common_vector.o [1]
      .text            inited   0x8000'daa0     0x2  zf_common_vector.o [1]
      .text            inited   0x8000'daa2     0x8  abs.o [2]
      .text            inited   0x8000'daaa    0x28  strncmp.o [2]
      .text            inited   0x8000'dad2     0xa  xsprout.o [2]
      .text            inited   0x8000'dadc     0x4  exit.o [2]
      .text            inited   0x8000'dae0   0x13e  xprintftiny.o [2]
                              - 0x8000'dc1e  0xd81e

Unused ranges:

         From           To        Size
         ----           --        ----
  0x2000'00e9  0x2000'00ff        0x17
  0x2000'0504  0x2006'efff    0x6'eafc
  0x7000'b17c  0x703f'ffff   0x3f'4e84
  0x8000'0000  0x8000'03ff       0x400
  0x8000'dc1e  0x81df'ffff  0x1df'23e2


*******************************************************************************
*** INIT TABLE
***

          Address      Size
          -------      ----
Zero (__iar_zero_init3)
    1 destination range, total size 0x404:
          0x2000'0100   0x404

Copy/lz77 (__iar_lz77_init3)
    1 source range, total size 0x87e5 (62% of destination):
          0x7000'28ee  0x87e5
    1 destination range, total size 0xd81e:
          0x8000'0400  0xd81e

Copy/lz77 (__iar_lz77_init3)
    1 source range, total size 0xa9 (72% of destination):
          0x7000'b0d3    0xa9
    1 destination range, total size 0xe9:
          0x2000'0000    0xe9



*******************************************************************************
*** MODULE SUMMARY
***

    Module                              ro code  rw code  ro data  rw data
    ------                              -------  -------  -------  -------
command line/config:
    ----------------------------------------------------------------------
    Total:

C:\Users\16055\Desktop\1223_2\1222\diancizu_demo_v2\project\iar\program\nor_sdram_zf_dtcm\Obj: [1]
    board.o                                          684      430
    clock_config.o                                 1 820    1 234      144
    evkmimxrt1064_flexspi_nor_config.o                        512
    evkmimxrt1064_sdram_ini_dcd.o                           1 040
    fsl_adc.o                                        752      742      428
    fsl_assert.o                                      28       46       44
    fsl_clock.o                                    2 080    1 387      136
    fsl_csi.o                                         36       23        8
    fsl_debug_console.o                            2 844    1 788       20
    fsl_edma.o                                     1 236      864      264
    fsl_enet.o                                       336      314      212
    fsl_flexcan.o                                    164      211      192
    fsl_flexio.o                                     104       65       24
    fsl_flexspi_nor_boot.o                                     48
    fsl_gpio.o                                       558      562      336
    fsl_gpt.o                                        592      651      440
    fsl_lpi2c.o                                      148       93       48
    fsl_lpspi.o                                    3 184    2 311      528
    fsl_lpuart.o                                   1 312    1 110      492
    fsl_pit.o                                        356      403      286
    fsl_pwm.o                                      2 864    2 060      412
    fsl_qtmr.o                                       484      501      312
    fsl_sai.o                                        328      296      184
    fsl_spdif.o                                       72       46       16
    fsl_usdhc.o                                       56       43       28
    isr.o                                            604      380
    main.o                                         3 100    1 981      166
    startup_MIMXRT1064.o                    108
    system_MIMXRT1064.o                     294                 3        4
    usb_device_dci.o                                 374      235
    usb_device_ehci.o                              1 508      950
    zf_common_clock.o                                 32       22        4
    zf_common_debug.o                              1 300      886      220
    zf_common_fifo.o                               1 252      849      100
    zf_common_font.o                                        1 303    2 072
    zf_common_function.o                             256      227      104
    zf_common_interrupt.o                            196      124        4
    zf_common_vector.o                               578    1 388
    zf_device_gps_tau1201.o                          216      135      284
    zf_device_key.o                                   96      126      112
    zf_device_tft180.o                             2 776    1 816      112
    zf_device_type.o                                   2       17       20
    zf_driver_adc.o                                  644      575      268
    zf_driver_delay.o                                200      229      164
    zf_driver_encoder.o                            1 452      994      124
    zf_driver_gpio.o                                 648      523      180
    zf_driver_pit.o                                  400      345      149
    zf_driver_pwm.o                                2 316    1 533      120
    zf_driver_spi.o                                2 480    1 713      252
    zf_driver_uart.o                               1 456    1 006      136
    zf_driver_usb_cdc.o                               32       20       16
    ----------------------------------------------------------------------
    Total:                                  402   41 956   34 160    9 165

dl7M_tlf.a: [2]
    abort.o                                   6
    abs.o                                              8        5
    exit.o                                             4        3
    low_level_init.o                          4
    sprintf.o                                         64       42
    strncmp.o                                         40       25
    xprintftiny.o                                    318      200
    xsprout.o                                         10        6
    ----------------------------------------------------------------------
    Total:                                   10      444      281

m7M_tlv.a: [3]
    DblToS64.o                                        92       58
    S64ToDbl.o                                        82       51
    fpinit_M.o                               34
    frexp.o                                          124       78
    iar_Exp64.o                                      872      550
    ldexp.o                                          240      151
    modf.o                                           158      101
    pow64.o                                        1 392    1 540    1 056
    ----------------------------------------------------------------------
    Total:                                   34    2 960    2 529    1 056

rt7M_tl.a: [4]
    ABImemcpy.o                                      166      104
    ABImemset.o                                      102       66
    I64DivMod.o                                      628      396
    I64DivZer.o                                        2        1
    cexit.o                                           10        6
    cmain.o                                  30
    cstartup_M.o                             12
    data_init.o                              40
    lz77_init.o                             502
    strlen.o                                          54       34
    vector_table_M.o                         64
    zero_init3.o                             58
    ----------------------------------------------------------------------
    Total:                                  706      962      607

shb_l.a: [5]
    exit.o                                   20
    ----------------------------------------------------------------------
    Total:                                   20

    Gaps                                              18        2       18
    Linker created                           16        8       77    4 096
--------------------------------------------------------------------------
    Grand Total:                          1 188   46 348   37 656   14 335


*******************************************************************************
*** ENTRY LIST
***

Entry                       Address   Size  Type      Object
-----                       -------   ----  ----      ------
.iar.init_table$$Base   0x7000'2868          --   Gb  - Linker created -
.iar.init_table$$Limit  0x7000'28b0          --   Gb  - Linker created -
?main                   0x7000'28c1         Code  Gb  cmain.o [4]
ADC_DoAutoCalibration   0x8000'332b   0x74  Code  Gb  fsl_adc.o [1]
ADC_EnableHardwareTrigger
                        0x8000'3199   0x1c  Code  Lc  fsl_adc.o [1]
ADC_GetChannelConversionValue
                        0x8000'3151   0x22  Code  Lc  fsl_adc.o [1]
ADC_GetChannelConversionValue
                        0x8000'a31d   0x22  Code  Lc  zf_driver_adc.o [1]
ADC_GetChannelStatusFlags
                        0x8000'3173   0x26  Code  Lc  fsl_adc.o [1]
ADC_GetChannelStatusFlags
                        0x8000'a33f   0x26  Code  Lc  zf_driver_adc.o [1]
ADC_GetDefaultConfig    0x8000'3295   0x54  Code  Gb  fsl_adc.o [1]
ADC_GetInstance         0x8000'31b9   0x2e  Code  Lc  fsl_adc.o [1]
ADC_GetStatusFlags      0x8000'31b5    0x4  Code  Lc  fsl_adc.o [1]
ADC_Init                0x8000'31e7   0xae  Code  Gb  fsl_adc.o [1]
ADC_SetChannelConfig    0x8000'32e9   0x42  Code  Gb  fsl_adc.o [1]
ARM_MPU_Disable         0x8000'272d   0x1a  Code  Lc  board.o [1]
ARM_MPU_Enable          0x8000'2711   0x1c  Code  Lc  board.o [1]
BOARD_BootClockRUN      0x8000'2b65  0x448  Code  Gb  clock_config.o [1]
BOARD_ConfigMPU         0x8000'27e7  0x154  Code  Gb  board.o [1]
BOARD_DebugConsoleSrcFreq
                        0x8000'27ad   0x3a  Code  Gb  board.o [1]
BOARD_InitBootClocks    0x8000'2b5d    0x8  Code  Gb  clock_config.o [1]
BusFault_Handler        0x8000'd867    0x2  Code  Gb  zf_common_vector.o [1]
CAN1_DriverIRQHandler   0x8000'4d69   0x2a  Code  Gb  fsl_flexcan.o [1]
CAN2_DriverIRQHandler   0x8000'4d93   0x2a  Code  Gb  fsl_flexcan.o [1]
CAN3_DriverIRQHandler   0x8000'4dbd   0x2a  Code  Gb  fsl_flexcan.o [1]
CLOCK_ControlGate       0x8000'2ac1   0x50  Code  Lc  clock_config.o [1]
CLOCK_ControlGate       0x8000'30f1   0x50  Code  Lc  fsl_adc.o [1]
CLOCK_ControlGate       0x8000'4e8d   0x4a  Code  Lc  fsl_gpio.o [1]
CLOCK_ControlGate       0x8000'50bd   0x4a  Code  Lc  fsl_gpt.o [1]
CLOCK_ControlGate       0x8000'53a1   0x50  Code  Lc  fsl_lpspi.o [1]
CLOCK_ControlGate       0x8000'6011   0x50  Code  Lc  fsl_lpuart.o [1]
CLOCK_ControlGate       0x8000'6531   0x4a  Code  Lc  fsl_pit.o [1]
CLOCK_ControlGate       0x8000'6695   0x50  Code  Lc  fsl_pwm.o [1]
CLOCK_ControlGate       0x8000'71c5   0x4a  Code  Lc  fsl_qtmr.o [1]
CLOCK_DeinitAudioPll    0x8000'37a7    0xc  Code  Gb  fsl_clock.o [1]
CLOCK_DeinitEnetPll     0x8000'37bf    0xc  Code  Gb  fsl_clock.o [1]
CLOCK_DeinitUsb2Pll     0x8000'379d    0xa  Code  Gb  fsl_clock.o [1]
CLOCK_DeinitVideoPll    0x8000'37b3    0xc  Code  Gb  fsl_clock.o [1]
CLOCK_DisableClock      0x8000'2b11   0x10  Code  Lc  clock_config.o [1]
CLOCK_DisableClock      0x8000'5117   0x10  Code  Lc  fsl_gpt.o [1]
CLOCK_DisableClock      0x8000'6071   0x10  Code  Lc  fsl_lpuart.o [1]
CLOCK_DisableClock      0x8000'658b   0x10  Code  Lc  fsl_pit.o [1]
CLOCK_DisableClock      0x8000'66f5   0x10  Code  Lc  fsl_pwm.o [1]
CLOCK_DisableClock      0x8000'721f   0x10  Code  Lc  fsl_qtmr.o [1]
CLOCK_EnableClock       0x8000'3141   0x10  Code  Lc  fsl_adc.o [1]
CLOCK_EnableClock       0x8000'4ed7   0x10  Code  Lc  fsl_gpio.o [1]
CLOCK_EnableClock       0x8000'5107   0x10  Code  Lc  fsl_gpt.o [1]
CLOCK_EnableClock       0x8000'53f1   0x10  Code  Lc  fsl_lpspi.o [1]
CLOCK_EnableClock       0x8000'6061   0x10  Code  Lc  fsl_lpuart.o [1]
CLOCK_EnableClock       0x8000'657b   0x10  Code  Lc  fsl_pit.o [1]
CLOCK_EnableClock       0x8000'66e5   0x10  Code  Lc  fsl_pwm.o [1]
CLOCK_EnableClock       0x8000'720f   0x10  Code  Lc  fsl_qtmr.o [1]
CLOCK_GetAhbFreq        0x8000'3593   0x18  Code  Gb  fsl_clock.o [1]
CLOCK_GetDiv            0x8000'2771   0x2a  Code  Lc  board.o [1]
CLOCK_GetFreq           0x8000'361b  0x142  Code  Gb  fsl_clock.o [1]
CLOCK_GetIpgFreq        0x8000'35df   0x18  Code  Gb  fsl_clock.o [1]
CLOCK_GetMux            0x8000'2747   0x2a  Code  Lc  board.o [1]
CLOCK_GetOscFreq        0x8000'279b   0x12  Code  Lc  board.o [1]
CLOCK_GetOscFreq        0x8000'33e5   0x18  Code  Lc  fsl_clock.o [1]
CLOCK_GetPerClkFreq     0x8000'35f7   0x24  Code  Gb  fsl_clock.o [1]
CLOCK_GetPeriphClkFreq  0x8000'344b   0xaa  Code  Lc  fsl_clock.o [1]
CLOCK_GetPllBypassRefClk
                        0x8000'3429   0x22  Code  Lc  fsl_clock.o [1]
CLOCK_GetPllFreq        0x8000'37e5  0x2b0  Code  Gb  fsl_clock.o [1]
CLOCK_GetPllFreq::enetRefClkFreq
                        0x8000'0af8   0x10  Data  Lc  fsl_clock.o [1]
CLOCK_GetPllUsb1SWFreq  0x8000'34f5   0x2a  Code  Lc  fsl_clock.o [1]
CLOCK_GetRtcFreq        0x8000'33fd    0x6  Code  Lc  fsl_clock.o [1]
CLOCK_GetSemcFreq       0x8000'35ab   0x34  Code  Gb  fsl_clock.o [1]
CLOCK_GetSysPfdFreq     0x8000'3ab1   0x6a  Code  Gb  fsl_clock.o [1]
CLOCK_GetUsb1PfdFreq    0x8000'3b25   0x64  Code  Gb  fsl_clock.o [1]
CLOCK_InitArmPll        0x8000'375d   0x40  Code  Gb  fsl_clock.o [1]
CLOCK_InitExternalClk   0x8000'351f   0x4a  Code  Gb  fsl_clock.o [1]
CLOCK_InitRcOsc24M      0x8000'3585    0xe  Code  Gb  fsl_clock.o [1]
CLOCK_IsPllBypassed     0x8000'3403   0x10  Code  Lc  fsl_clock.o [1]
CLOCK_IsPllEnabled      0x8000'3413   0x16  Code  Lc  fsl_clock.o [1]
CLOCK_SetDiv            0x8000'2a4b   0x76  Code  Lc  clock_config.o [1]
CLOCK_SetDiv            0x8000'b9af   0x76  Code  Lc  zf_driver_spi.o [1]
CLOCK_SetMux            0x8000'29d5   0x76  Code  Lc  clock_config.o [1]
CLOCK_SetMux            0x8000'b939   0x76  Code  Lc  zf_driver_spi.o [1]
CLOCK_SetPllBypass      0x8000'2b31   0x2c  Code  Lc  clock_config.o [1]
CLOCK_SetRtcXtalFreq    0x8000'2b29    0x8  Code  Lc  clock_config.o [1]
CLOCK_SetXtalFreq       0x8000'2b21    0x8  Code  Lc  clock_config.o [1]
CLOCK_SwitchOsc         0x8000'3569   0x1c  Code  Gb  fsl_clock.o [1]
CSI_DriverIRQHandler    0x8000'3c05   0x14  Code  Gb  fsl_csi.o [1]
CSI_IRQHandler          0x8000'759b    0xc  Code  Gb  isr.o [1]
CSTACK$$Base            0x2006'f000          --   Gb  - Linker created -
CSTACK$$Limit           0x2007'0000          --   Gb  - Linker created -
DMA0_DMA16_DriverIRQHandler
                        0x8000'48dd   0x34  Code  Gb  fsl_edma.o [1]
DMA10_DMA26_DriverIRQHandler
                        0x8000'4ad5   0x32  Code  Gb  fsl_edma.o [1]
DMA11_DMA27_DriverIRQHandler
                        0x8000'4b07   0x32  Code  Gb  fsl_edma.o [1]
DMA12_DMA28_DriverIRQHandler
                        0x8000'4b39   0x32  Code  Gb  fsl_edma.o [1]
DMA13_DMA29_DriverIRQHandler
                        0x8000'4b6b   0x32  Code  Gb  fsl_edma.o [1]
DMA14_DMA30_DriverIRQHandler
                        0x8000'4b9d   0x32  Code  Gb  fsl_edma.o [1]
DMA15_DMA31_DriverIRQHandler
                        0x8000'4bd5   0x32  Code  Gb  fsl_edma.o [1]
DMA1_DMA17_DriverIRQHandler
                        0x8000'4911   0x32  Code  Gb  fsl_edma.o [1]
DMA2_DMA18_DriverIRQHandler
                        0x8000'4943   0x32  Code  Gb  fsl_edma.o [1]
DMA3_DMA19_DriverIRQHandler
                        0x8000'4975   0x32  Code  Gb  fsl_edma.o [1]
DMA4_DMA20_DriverIRQHandler
                        0x8000'49a7   0x32  Code  Gb  fsl_edma.o [1]
DMA5_DMA21_DriverIRQHandler
                        0x8000'49db   0x32  Code  Gb  fsl_edma.o [1]
DMA6_DMA22_DriverIRQHandler
                        0x8000'4a0d   0x32  Code  Gb  fsl_edma.o [1]
DMA7_DMA23_DriverIRQHandler
                        0x8000'4a3f   0x32  Code  Gb  fsl_edma.o [1]
DMA8_DMA24_DriverIRQHandler
                        0x8000'4a71   0x32  Code  Gb  fsl_edma.o [1]
DMA9_DMA25_DriverIRQHandler
                        0x8000'4aa3   0x32  Code  Gb  fsl_edma.o [1]
DbgConsole_ConvertFloatRadixNumToString
                        0x8000'3e31  0x1a8  Code  Lc  fsl_debug_console.o [1]
DbgConsole_ConvertRadixNumToString
                        0x8000'3cb5  0x17a  Code  Lc  fsl_debug_console.o [1]
DbgConsole_Printf       0x8000'3c29   0x18  Code  Gb  fsl_debug_console.o [1]
DbgConsole_PrintfFormattedData
                        0x8000'3fe1  0x760  Code  Lc  fsl_debug_console.o [1]
DbgConsole_PrintfPaddingCharacter
                        0x8000'3c89   0x2c  Code  Lc  fsl_debug_console.o [1]
DbgConsole_Putchar      0x8000'3c69   0x20  Code  Gb  fsl_debug_console.o [1]
DbgConsole_Vprintf      0x8000'3c41   0x28  Code  Gb  fsl_debug_console.o [1]
DebugMon_Handler        0x8000'd86d    0x2  Code  Gb  zf_common_vector.o [1]
DefaultISR              0x7000'2819         Code  Wk  startup_MIMXRT1064.o [1]
DirControl              0x8000'7e51   0xa6  Code  Gb  main.o [1]
Dir_d                   0x2000'00c0    0x4  Data  Gb  main.o [1]
Dir_err                 0x2000'0308    0x4  Data  Gb  main.o [1]
Dir_err_p               0x2000'030c    0x4  Data  Gb  main.o [1]
Dir_err_sum             0x2000'0310    0x4  Data  Gb  main.o [1]
Dir_i                   0x2000'0304    0x4  Data  Gb  main.o [1]
Dir_out                 0x2000'0314    0x4  Data  Gb  main.o [1]
Dir_p                   0x2000'00bc    0x4  Data  Gb  main.o [1]
DisableGlobalIRQ        0x8000'96a5    0x8  Code  Lc  zf_common_interrupt.o [1]
EDMA_GetChannelStatusFlags
                        0x8000'4745   0x46  Code  Gb  fsl_edma.o [1]
EDMA_HandleIRQ          0x8000'4795  0x148  Code  Gb  fsl_edma.o [1]
ENET2_1588_Timer_DriverIRQHandler
                        0x8000'4d35    0xe  Code  Gb  fsl_enet.o [1]
ENET2_DriverIRQHandler  0x8000'4d27    0xe  Code  Gb  fsl_enet.o [1]
ENET_1588_Timer_DriverIRQHandler
                        0x8000'4d19    0xe  Code  Gb  fsl_enet.o [1]
ENET_CommonFrame0IRQHandler
                        0x8000'4c59   0x8c  Code  Gb  fsl_enet.o [1]
ENET_DriverIRQHandler   0x8000'4d0b    0xe  Code  Gb  fsl_enet.o [1]
ENET_GetInstance        0x8000'4c19   0x34  Code  Gb  fsl_enet.o [1]
ENET_Ptp1588IRQHandler  0x8000'4ce5   0x26  Code  Gb  fsl_enet.o [1]
EnableGlobalIRQ         0x8000'96ad    0x6  Code  Lc  zf_common_interrupt.o [1]
EnableIRQ               0x8000'9681   0x24  Code  Lc  zf_common_interrupt.o [1]
EnableIRQ               0x8000'aebb   0x24  Code  Lc  zf_driver_pit.o [1]
FLEXIO1_DriverIRQHandler
                        0x8000'4e5d    0x8  Code  Gb  fsl_flexio.o [1]
FLEXIO2_DriverIRQHandler
                        0x8000'4e65    0x8  Code  Gb  fsl_flexio.o [1]
FLEXIO3_DriverIRQHandler
                        0x8000'4e6d    0x8  Code  Gb  fsl_flexio.o [1]
FLEXIO_CommonIRQHandler
                        0x8000'4e0d   0x42  Code  Lc  fsl_flexio.o [1]
GPIO1_Combined_0_15_IRQHandler
                        0x8000'76e3   0x18  Code  Gb  isr.o [1]
GPIO1_Combined_16_31_IRQHandler
                        0x8000'76fb   0x1e  Code  Gb  isr.o [1]
GPIO2_Combined_0_15_IRQHandler
                        0x8000'7719   0x24  Code  Gb  isr.o [1]
GPIO2_Combined_16_31_IRQHandler
                        0x8000'773d   0x24  Code  Gb  isr.o [1]
GPIO3_Combined_0_15_IRQHandler
                        0x8000'7761   0x1c  Code  Gb  isr.o [1]
GPIO_ClearPinsInterruptFlags
                        0x8000'756d   0x10  Code  Lc  isr.o [1]
GPIO_ClearPinsOutput    0x8000'985d   0x10  Code  Lc  zf_device_tft180.o [1]
GPIO_ClearPinsOutput    0x8000'ac5d   0x10  Code  Lc  zf_driver_gpio.o [1]
GPIO_GetInstance        0x8000'4efd   0x2e  Code  Lc  fsl_gpio.o [1]
GPIO_GetPinsInterruptFlags
                        0x8000'755d    0xc  Code  Lc  isr.o [1]
GPIO_PinInit            0x8000'4f2b   0x78  Code  Gb  fsl_gpio.o [1]
GPIO_PinReadPadStatus   0x8000'ac6d   0x26  Code  Lc  zf_driver_gpio.o [1]
GPIO_PinSetInterruptConfig
                        0x8000'4ff9   0xaa  Code  Gb  fsl_gpio.o [1]
GPIO_PinWrite           0x8000'4fa3   0x36  Code  Gb  fsl_gpio.o [1]
GPIO_PortClear          0x8000'9857    0x6  Code  Lc  zf_device_tft180.o [1]
GPIO_PortClear          0x8000'ac57    0x6  Code  Lc  zf_driver_gpio.o [1]
GPIO_PortClearInterruptFlags
                        0x8000'7569    0x4  Code  Lc  isr.o [1]
GPIO_PortGetInterruptFlags
                        0x8000'7559    0x4  Code  Lc  isr.o [1]
GPIO_PortSet            0x8000'9841    0x6  Code  Lc  zf_device_tft180.o [1]
GPIO_PortSet            0x8000'ac41    0x6  Code  Lc  zf_driver_gpio.o [1]
GPIO_ReadPadStatus      0x8000'ac93   0x10  Code  Lc  zf_driver_gpio.o [1]
GPIO_SetPinInterruptConfig
                        0x8000'4ee7   0x16  Code  Lc  fsl_gpio.o [1]
GPIO_SetPinsOutput      0x8000'9847   0x10  Code  Lc  zf_device_tft180.o [1]
GPIO_SetPinsOutput      0x8000'ac47   0x10  Code  Lc  zf_driver_gpio.o [1]
GPT_ClearStatusFlags    0x8000'a5eb    0x8  Code  Lc  zf_driver_delay.o [1]
GPT_Deinit              0x8000'5267   0x1a  Code  Gb  fsl_gpt.o [1]
GPT_GetDefaultConfig    0x8000'5281   0x48  Code  Gb  fsl_gpt.o [1]
GPT_GetInstance         0x8000'519d   0x2e  Code  Lc  fsl_gpt.o [1]
GPT_GetStatusFlags      0x8000'a5e1    0xa  Code  Lc  zf_driver_delay.o [1]
GPT_Init                0x8000'51cb   0x9c  Code  Gb  fsl_gpt.o [1]
GPT_SetClockDivider     0x8000'516f   0x2e  Code  Lc  fsl_gpt.o [1]
GPT_SetClockSource      0x8000'5137   0x38  Code  Lc  fsl_gpt.o [1]
GPT_SetOutputCompareValue
                        0x8000'a5b5   0x2c  Code  Lc  zf_driver_delay.o [1]
GPT_SoftwareReset       0x8000'5127   0x10  Code  Lc  fsl_gpt.o [1]
GPT_StartTimer          0x8000'a5a1    0xa  Code  Lc  zf_driver_delay.o [1]
[...]
_SDK_AtomicLocalClearAndSet4Byte
                        0x8000'5389   0x18  Code  Lc  fsl_lpspi.o [1]
_SDK_AtomicLocalClearAndSet4Byte
                        0x8000'5ff9   0x18  Code  Lc  fsl_lpuart.o [1]
_SDK_AtomicLocalClearAndSet4Byte
                        0x8000'6519   0x18  Code  Lc  fsl_pit.o [1]
_SDK_AtomicLocalClearAndSet4Byte
                        0x8000'667d   0x18  Code  Lc  fsl_pwm.o [1]
_SDK_AtomicLocalClearAndSet4Byte
                        0x8000'71ad   0x18  Code  Lc  fsl_qtmr.o [1]
_SProut                 0x8000'dad3    0xa  Code  Gb  xsprout.o [2]
__CSTACK_ADDRESS {Abs}  0x2007'0000         Data  Gb  <internal module>
__NVIC_EnableIRQ        0x8000'9663   0x1e  Code  Lc  zf_common_interrupt.o [1]
__NVIC_EnableIRQ        0x8000'ae9d   0x1e  Code  Lc  zf_driver_pit.o [1]
__NVIC_SetPriority      0x8000'77b5   0x30  Code  Lc  main.o [1]
__NVIC_SetPriorityGrouping
                        0x8000'9645   0x1e  Code  Lc  zf_common_interrupt.o [1]
__RAM_VECTOR_TABLE_SIZE {Abs}
                              0x400         Data  Gb  <internal module>
__VECTOR_RAM {Abs}      0x8000'0000         Data  Gb  <internal module>
__VECTOR_TABLE {Abs}    0x7000'2000         Data  Gb  <internal module>
__aeabi_assert          0x8000'33c9   0x1c  Code  Gb  fsl_assert.o [1]
__aeabi_d2lz            0x8000'cc3d         Code  Gb  DblToS64.o [3]
__aeabi_l2d             0x8000'cc99         Code  Gb  S64ToDbl.o [3]
__aeabi_ldiv0           0x8000'd375         Code  Gb  I64DivZer.o [4]
__aeabi_ldivmod         0x8000'c9c9         Code  Gb  I64DivMod.o [4]
__aeabi_memcpy          0x8000'c8b9         Code  Gb  ABImemcpy.o [4]
__aeabi_memcpy4         0x8000'c8d9         Code  Gb  ABImemcpy.o [4]
__aeabi_memcpy8         0x8000'c8d9         Code  Gb  ABImemcpy.o [4]
__aeabi_memset          0x8000'c961         Code  Gb  ABImemset.o [4]
__aeabi_uldivmod        0x8000'ca0d         Code  Gb  I64DivMod.o [4]
__cmain                 0x7000'28c1         Code  Gb  cmain.o [4]
__exit                  0x7000'263d   0x14  Code  Gb  exit.o [5]
__iar_Exp64             0x8000'd379  0x368  Code  Gb  iar_Exp64.o [3]
__iar_Memset            0x8000'c961         Code  Gb  ABImemset.o [4]
__iar_Memset_word       0x8000'c969         Code  Gb  ABImemset.o [4]
__iar_Pow64             0x8000'cd8d  0x4e4  Code  Lc  pow64.o [3]
__iar_data_init3        0x7000'281d   0x28  Code  Gb  data_init.o [4]
__iar_frexp             0x8000'd6f9         Code  Gb  frexp.o [3]
__iar_frexp64           0x8000'd6e1         Code  Gb  frexp.o [3]
__iar_frexpl            0x8000'd6f9         Code  Gb  frexp.o [3]
__iar_init_vfp          0x7000'2845         Code  Gb  fpinit_M.o [3]
__iar_ldexp64           0x8000'd75d         Code  Gb  ldexp.o [3]
__iar_lz77_init3        0x7000'24bf  0x178  Code  Gb  lz77_init.o [4]
__iar_modf              0x8000'ccfd         Code  Gb  modf.o [3]
__iar_modf64            0x8000'cced         Code  Gb  modf.o [3]
__iar_modfl             0x8000'ccfd         Code  Gb  modf.o [3]
__iar_pow64             0x8000'd2f9    0x4  Code  Gb  pow64.o [3]
__iar_pow_medium        0x8000'd2f9    0x4  Code  Gb  pow64.o [3]
__iar_pow_medium64      0x8000'd2f9    0x4  Code  Gb  pow64.o [3]
__iar_pow_mediuml       0x8000'd2f9    0x4  Code  Gb  pow64.o [3]
__iar_program_start     0x7000'28e3         Code  Gb  cstartup_M.o [4]
__iar_scalbln64         0x8000'd75d         Code  Gb  ldexp.o [3]
__iar_scalbn64          0x8000'd75d         Code  Gb  ldexp.o [3]
__iar_zero_init3        0x7000'2777   0x3a  Code  Gb  zero_init3.o [4]
__low_level_init        0x7000'28df    0x4  Code  Gb  low_level_init.o [2]
__vector_table          0x7000'2400         Data  Gb  vector_table_M.o [4]
__zf_vector_table       0x7000'2000  0x400  Data  Gb  zf_common_vector.o [1]
_call_main              0x7000'28cd         Code  Gb  cmain.o [4]
_exit                   0x8000'd855         Code  Gb  cexit.o [4]
_main                   0x7000'28db         Code  Gb  cmain.o [4]
abort                   0x7000'2637    0x6  Code  Gb  abort.o [2]
abs                     0x8000'daa3    0x8  Code  Gb  abs.o [2]
adc_buffer              0x2000'02c8    0xc  Data  Gb  main.o [1]
adc_channel             0x2000'00ac    0x8  Data  Gb  main.o [1]
adc_convert             0x8000'a4ad   0x5c  Code  Gb  zf_driver_adc.o [1]
adc_index               0x2000'00a0    0xc  Data  Lc  zf_driver_adc.o [1]
adc_init                0x8000'a53d   0x50  Code  Gb  zf_driver_adc.o [1]
adc_iomuxc              0x8000'a365  0x148  Code  Gb  zf_driver_adc.o [1]
adc_mean_filter_convert
                        0x8000'a509   0x34  Code  Gb  zf_driver_adc.o [1]
afio_init               0x8000'aca3   0x44  Code  Gb  zf_driver_gpio.o [1]
armPllConfig_BOARD_BootClockRUN
                        0x8000'08a8    0x8  Data  Gb  clock_config.o [1]
ascii_font_6x8          0x8000'1ee4  0x228  Data  Gb  zf_common_font.o [1]
ascii_font_8x16         0x8000'18f4  0x5f0  Data  Gb  zf_common_font.o [1]
bubbleSort              0x8000'7af5   0x56  Code  Gb  main.o [1]
camera_uart_handler     0x2000'00cc    0x4  Data  Gb  zf_device_type.o [1]
channel_index           0x2000'02c4    0x1  Data  Gb  main.o [1]
clock_init              0x8000'8b2d   0x20  Code  Gb  zf_common_clock.o [1]
count_led               0x2000'02d6    0x1  Data  Gb  main.o [1]
dcd_data                0x7000'1030  0x410  Data  Gb  evkmimxrt1064_sdram_ini_dcd.o [1]
debug_assert_handler    0x8000'8f5f   0x46  Code  Gb  zf_common_debug.o [1]
debug_assert_handler{1}{2}::assert_nest_index
                        0x2000'03b5    0x1  Data  Lc  zf_common_debug.o [1]
debug_delay             0x8000'8b4d   0x38  Code  Lc  zf_common_debug.o [1]
debug_init              0x8000'8fef   0x3a  Code  Gb  zf_common_debug.o [1]
debug_interrupr_handler
                        0x8000'8f3f   0x20  Code  Gb  zf_common_debug.o [1]
debug_output            0x8000'8c37  0x308  Code  Lc  zf_common_debug.o [1]
debug_output_info       0x2000'03a0   0x14  Data  Lc  zf_common_debug.o [1]
debug_output_init       0x8000'8fc5   0x2a  Code  Gb  zf_common_debug.o [1]
debug_output_struct_init
                        0x8000'8fa5   0x20  Code  Gb  zf_common_debug.o [1]
debug_protective_handler
                        0x8000'8b85   0xa4  Code  Lc  zf_common_debug.o [1]
debug_uart_buffer       0x2000'0344   0x40  Data  Gb  zf_common_debug.o [1]
debug_uart_data         0x2000'0384    0x1  Data  Gb  zf_common_debug.o [1]
debug_uart_fifo         0x2000'0388   0x18  Data  Gb  zf_common_debug.o [1]
debug_uart_str_output   0x8000'8c29    0xe  Code  Lc  zf_common_debug.o [1]
delayms                 0x2000'0328    0x4  Data  Gb  main.o [1]
encoder_clear_count     0x8000'aa1f   0x30  Code  Gb  zf_driver_encoder.o [1]
encoder_data_1          0x2000'02d4    0x2  Data  Gb  main.o [1]
encoder_get_count       0x8000'a9ed   0x32  Code  Gb  zf_driver_encoder.o [1]
encoder_quad_init       0x8000'aa4f   0xfc  Code  Gb  zf_driver_encoder.o [1]
exit                    0x8000'dadd    0x4  Code  Gb  exit.o [2]
fifo_clear              0x8000'9095   0x9c  Code  Gb  zf_common_fifo.o [1]
fifo_end_offset         0x8000'907b   0x1a  Code  Lc  zf_common_fifo.o [1]
fifo_head_offset        0x8000'9061   0x1a  Code  Lc  zf_common_fifo.o [1]
fifo_init               0x8000'94fb   0x44  Code  Gb  zf_common_fifo.o [1]
fifo_read_buffer        0x8000'9327  0x1d4  Code  Gb  zf_common_fifo.o [1]
fifo_used               0x8000'9131   0x22  Code  Gb  zf_common_fifo.o [1]
fifo_write_buffer       0x8000'9153  0x1d4  Code  Gb  zf_common_fifo.o [1]
flexio_camera_uart_handler
                        0x2000'00d4    0x4  Data  Gb  zf_device_type.o [1]
flexio_camera_vsync_handler
                        0x2000'00d0    0x4  Data  Gb  zf_device_type.o [1]
frexp                   0x8000'd6e1         Code  Gb  frexp.o [3]
frexpl                  0x8000'd6e1         Code  Gb  frexp.o [3]
func_int_to_str         0x8000'9545   0x88  Code  Gb  zf_common_function.o [1]
func_uint_to_str        0x8000'95cd   0x70  Code  Gb  zf_common_function.o [1]
g_boot_data             0x7000'1020   0x10  Data  Gb  fsl_flexspi_nor_boot.o [1]
g_lpspiDummyData        0x2000'024c    0x8  Data  Gb  fsl_lpspi.o [1]
g_rtcXtalFreq           0x2000'0104    0x4  Data  Gb  fsl_clock.o [1]
g_xtalFreq              0x2000'0100    0x4  Data  Gb  fsl_clock.o [1]
garageFlag              0x2000'02dd    0x1  Data  Gb  main.o [1]
gpio_get_level          0x8000'ade7   0x1e  Code  Gb  zf_driver_gpio.o [1]
gpio_init               0x8000'ae05   0x6a  Code  Gb  zf_driver_gpio.o [1]
gpio_iomuxc             0x8000'ace7   0xbe  Code  Gb  zf_driver_gpio.o [1]
gpio_set_level          0x8000'ada5   0x42  Code  Gb  zf_driver_gpio.o [1]
gps_gga_buffer          0x2000'03dc   0x80  Data  Lc  zf_device_gps_tau1201.o [1]
gps_gga_state           0x2000'03d8    0x1  Data  Gb  zf_device_gps_tau1201.o [1]
gps_rmc_buffer          0x2000'045c   0x80  Data  Lc  zf_device_gps_tau1201.o [1]
gps_rmc_state           0x2000'03d9    0x1  Data  Gb  zf_device_gps_tau1201.o [1]
gps_tau1201_flag        0x2000'03bc    0x1  Data  Gb  zf_device_gps_tau1201.o [1]
gps_tau1201_receiver_fifo
                        0x2000'03c0   0x18  Data  Lc  zf_device_gps_tau1201.o [1]
gps_tau1201_state       0x2000'03bd    0x1  Data  Lc  zf_device_gps_tau1201.o [1]
gps_uart_callback       0x8000'9709   0xb4  Code  Gb  zf_device_gps_tau1201.o [1]
image_vector_table      0x7000'1000   0x20  Data  Gb  fsl_flexspi_nor_boot.o [1]
interrupt_enable        0x8000'96f1    0xe  Code  Gb  zf_common_interrupt.o [1]
interrupt_global_disable
                        0x8000'96cd   0x10  Code  Gb  zf_common_interrupt.o [1]
interrupt_global_enable
                        0x8000'96b3   0x1a  Code  Gb  zf_common_interrupt.o [1]
interrupt_init          0x8000'96ff    0xa  Code  Gb  zf_common_interrupt.o [1]
interrupt_nest_count    0x2000'03b8    0x4  Data  Lc  zf_common_interrupt.o [1]
key_index               0x8000'21d8    0x4  Data  Lc  zf_device_key.o [1]
key_init                0x8000'97e1   0x4c  Code  Gb  zf_device_key.o [1]
key_state               0x2000'04e0    0x4  Data  Lc  zf_device_key.o [1]
kvalue                  0x8000'7ca1   0x4a  Code  Gb  main.o [1]
lastroundflag           0x2000'0320    0x4  Data  Gb  main.o [1]
lasts                   0x2000'0324    0x4  Data  Gb  main.o [1]
ldexp                   0x8000'd75d         Code  Gb  ldexp.o [3]
ldexpl                  0x8000'd75d         Code  Gb  ldexp.o [3]
lnbias                  0x8000'0400  0x420  Data  Lc  pow64.o [3]
m_boot_hdr_conf_start {Abs}
                        0x7000'0000         Data  Gb  <internal module>
main                    0x8000'78b7  0x23e  Code  Gb  main.o [1]
major_init              0x8000'77e5   0xd2  Code  Gb  main.o [1]
major_pit_handler       0x8000'7f0d  0x3c8  Code  Gb  main.o [1]
modf                    0x8000'cced         Code  Gb  modf.o [3]
modfl                   0x8000'cced         Code  Gb  modf.o [3]
numberindex             0x2000'0050   0x14  Data  Gb  main.o [1]
numbers                 0x2000'0330   0x14  Data  Gb  main.o [1]
out                     0x8000'dae1   0x18  Code  Lc  xprintftiny.o [2]
parkdelay               0x2000'032c    0x4  Data  Gb  main.o [1]
pit_init                0x8000'afab   0x68  Code  Gb  zf_driver_pit.o [1]
pit_init::init_flag     0x2000'04e4    0x1  Data  Lc  zf_driver_pit.o [1]
pow                     0x8000'd2f9    0x4  Code  Gb  pow64.o [3]
powl                    0x8000'd2f9    0x4  Code  Gb  pow64.o [3]
pwm_init                0x8000'b5d5  0x222  Code  Gb  zf_driver_pwm.o [1]
pwm_iomuxc              0x8000'b079  0x49a  Code  Gb  zf_driver_pwm.o [1]
pwm_set_duty            0x8000'b513   0xc2  Code  Gb  zf_driver_pwm.o [1]
qspiflash_config        0x7000'0000  0x200  Data  Gb  evkmimxrt1064_flexspi_nor_config.o [1]
qtimer_index            0x2000'0064   0x14  Data  Gb  zf_driver_encoder.o [1]
qtimer_iomuxc           0x8000'a699  0x354  Code  Gb  zf_driver_encoder.o [1]
roundflag               0x2000'031c    0x4  Data  Gb  main.o [1]
roundtimes              0x2000'0318    0x4  Data  Gb  main.o [1]
s                       0x2000'02da    0x2  Data  Gb  main.o [1]
s_EDMAHandle            0x2000'0124   0x80  Data  Lc  fsl_edma.o [1]
s_ENETHandle            0x2000'01a4    0x8  Data  Lc  fsl_enet.o [1]
s_adcBases              0x8000'0a48    0xc  Data  Lc  fsl_adc.o [1]
s_adcClocks             0x8000'0a54    0x8  Data  Lc  fsl_adc.o [1]
s_baudratePrescaler     0x8000'11ac    0x8  Data  Lc  fsl_lpspi.o [1]
s_cdcVcom               0x2000'04f4   0x10  Data  Gb  zf_driver_usb_cdc.o [1]
s_csiHandle             0x2000'0108    0x4  Data  Lc  fsl_csi.o [1]
s_csiIsr                0x2000'010c    0x4  Data  Lc  fsl_csi.o [1]
s_debugConsole          0x2000'0110   0x14  Data  Lc  fsl_debug_console.o [1]
s_enet1588TimerIsr      0x2000'01cc    0x8  Data  Lc  fsl_enet.o [1]
s_enetBases             0x8000'0c2c    0x8  Data  Lc  fsl_enet.o [1]
s_enetErrIsr            0x2000'01bc    0x8  Data  Lc  fsl_enet.o [1]
s_enetRxIsr             0x2000'01b4    0x8  Data  Lc  fsl_enet.o [1]
s_enetTsIsr             0x2000'01c4    0x8  Data  Lc  fsl_enet.o [1]
s_enetTxIsr             0x2000'01ac    0x8  Data  Lc  fsl_enet.o [1]
s_flexcanHandle         0x2000'01d4   0x10  Data  Lc  fsl_flexcan.o [1]
s_flexcanIsr            0x2000'01e4    0x4  Data  Lc  fsl_flexcan.o [1]
s_flexioHandle          0x2000'01e8    0x8  Data  Lc  fsl_flexio.o [1]
s_flexioIsr             0x2000'01f8    0x8  Data  Lc  fsl_flexio.o [1]
s_flexioType            0x2000'01f0    0x8  Data  Lc  fsl_flexio.o [1]
s_gpioBases             0x8000'0df8   0x2c  Data  Lc  fsl_gpio.o [1]
s_gpioClock             0x8000'0e24    0xc  Data  Lc  fsl_gpio.o [1]
s_gptBases              0x8000'0fd4    0xc  Data  Lc  fsl_gpt.o [1]
s_gptClocks             0x8000'0fe0    0x8  Data  Lc  fsl_gpt.o [1]
s_lpi2cMasterHandle     0x2000'0204   0x14  Data  Gb  fsl_lpi2c.o [1]
s_lpi2cMasterIsr        0x2000'0200    0x4  Data  Gb  fsl_lpi2c.o [1]
s_lpi2cSlaveHandle      0x2000'021c   0x14  Data  Lc  fsl_lpi2c.o [1]
s_lpi2cSlaveIsr         0x2000'0218    0x4  Data  Lc  fsl_lpi2c.o [1]
s_lpspiBases            0x8000'11b4   0x14  Data  Lc  fsl_lpspi.o [1]
s_lpspiClocks           0x8000'11c8    0xc  Data  Lc  fsl_lpspi.o [1]
s_lpspiHandle           0x2000'0230   0x14  Data  Lc  fsl_lpspi.o [1]
s_lpspiMasterIsr        0x2000'0244    0x4  Data  Lc  fsl_lpspi.o [1]
s_lpspiSlaveIsr         0x2000'0248    0x4  Data  Lc  fsl_lpspi.o [1]
s_lpuartBases           0x8000'1360   0x24  Data  Lc  fsl_lpuart.o [1]
s_lpuartClock           0x8000'1384   0x14  Data  Lc  fsl_lpuart.o [1]
s_lpuartHandle          0x2000'0254   0x24  Data  Gb  fsl_lpuart.o [1]
s_lpuartIsr             0x2000'0278    0x4  Data  Gb  fsl_lpuart.o [1]
s_pitBases              0x8000'14b0    0x4  Data  Lc  fsl_pit.o [1]
s_pitClocks             0x8000'd85e    0x2  Data  Lc  fsl_pit.o [1]
s_pwmBases              0x8000'1614   0x14  Data  Lc  fsl_pwm.o [1]
s_pwmClocks             0x8000'1628   0x28  Data  Lc  fsl_pwm.o [1]
s_qtmrBases             0x8000'1768   0x14  Data  Lc  fsl_qtmr.o [1]
s_qtmrClocks            0x8000'177c    0xc  Data  Lc  fsl_qtmr.o [1]
s_saiHandle             0x2000'027c   0x20  Data  Lc  fsl_sai.o [1]
s_saiRxIsr              0x2000'02a0    0x4  Data  Lc  fsl_sai.o [1]
s_saiTxIsr              0x2000'029c    0x4  Data  Lc  fsl_sai.o [1]
s_spdifHandle           0x2000'02a4    0x8  Data  Lc  fsl_spdif.o [1]
s_spdifRxIsr            0x2000'02b0    0x4  Data  Lc  fsl_spdif.o [1]
s_spdifTxIsr            0x2000'02ac    0x4  Data  Lc  fsl_spdif.o [1]
s_usdhcBase             0x8000'1818    0xc  Data  Lc  fsl_usdhc.o [1]
s_usdhcHandle           0x2000'02b4    0xc  Data  Lc  fsl_usdhc.o [1]
s_usdhcIsr              0x2000'02c0    0x4  Data  Lc  fsl_usdhc.o [1]
scalbln                 0x8000'd75d         Code  Gb  ldexp.o [3]
scalblnl                0x8000'd75d         Code  Gb  ldexp.o [3]
scalbn                  0x8000'd75d         Code  Gb  ldexp.o [3]
scalbnl                 0x8000'd75d         Code  Gb  ldexp.o [3]
scanner_period          0x2000'04dc    0x4  Data  Lc  zf_device_key.o [1]
spi_cs_index            0x2000'04e8    0xc  Data  Lc  zf_driver_spi.o [1]
spi_index               0x2000'008c   0x14  Data  Lc  zf_driver_spi.o [1]
spi_init                0x8000'bf91  0x240  Code  Gb  zf_driver_spi.o [1]
spi_iomuxc              0x8000'ba67  0x430  Code  Gb  zf_driver_spi.o [1]
spi_write               0x8000'be97   0x9c  Code  Gb  zf_driver_spi.o [1]
spi_write_16bit         0x8000'bf61   0x24  Code  Gb  zf_driver_spi.o [1]
spi_write_8bit          0x8000'bf4f   0x12  Code  Gb  zf_driver_spi.o [1]
spi_write_8bit_array    0x8000'bf33   0x1c  Code  Gb  zf_driver_spi.o [1]
sprintf                 0x8000'd335   0x40  Code  Gb  sprintf.o [2]
strlen                  0x8000'd2fd         Code  Gb  strlen.o [4]
strncmp                 0x8000'daab   0x28  Code  Gb  strncmp.o [2]
system_clock            0x2000'00c8    0x4  Data  Gb  zf_common_clock.o [1]
system_delay_init       0x8000'a631   0x2c  Code  Gb  zf_driver_delay.o [1]
system_delay_ms         0x8000'a5f3   0x3e  Code  Gb  zf_driver_delay.o [1]
tft180_bgcolor          0x2000'00e2    0x2  Data  Lc  zf_device_tft180.o [1]
tft180_clear            0x8000'9a59   0x4e  Code  Gb  zf_device_tft180.o [1]
tft180_debug_init       0x8000'99ef   0x6a  Code  Lc  zf_device_tft180.o [1]
tft180_display_dir      0x2000'00e5    0x1  Data  Lc  zf_device_tft180.o [1]
tft180_display_font     0x2000'00e6    0x1  Data  Lc  zf_device_tft180.o [1]
tft180_init             0x8000'9f95  0x36a  Code  Gb  zf_device_tft180.o [1]
tft180_pencolor         0x2000'00e0    0x2  Data  Lc  zf_device_tft180.o [1]
tft180_set_color        0x8000'9ae3    0xe  Code  Gb  zf_device_tft180.o [1]
tft180_set_dir          0x8000'9aa7   0x3c  Code  Gb  zf_device_tft180.o [1]
tft180_set_region       0x8000'9895  0x15a  Code  Lc  zf_device_tft180.o [1]
tft180_show_char        0x8000'9af1  0x1d2  Code  Gb  zf_device_tft180.o [1]
tft180_show_int         0x8000'9d75   0xfc  Code  Gb  zf_device_tft180.o [1]
tft180_show_string      0x8000'9cc5   0xb0  Code  Gb  zf_device_tft180.o [1]
tft180_show_uint        0x8000'9e71   0xf8  Code  Gb  zf_device_tft180.o [1]
tft180_write_index      0x8000'986d   0x28  Code  Lc  zf_device_tft180.o [1]
tft180_x_max            0x2000'00e7    0x1  Data  Lc  zf_device_tft180.o [1]
tft180_y_max            0x2000'00e8    0x1  Data  Lc  zf_device_tft180.o [1]
tof_module_exti_handler
                        0x2000'00dc    0x4  Data  Gb  zf_device_type.o [1]
type_default_callback   0x8000'a319    0x2  Code  Gb  zf_device_type.o [1]
uart_index              0x2000'002c   0x24  Data  Lc  zf_driver_uart.o [1]
uart_init               0x8000'c729   0x96  Code  Gb  zf_driver_uart.o [1]
uart_iomuxc             0x8000'c31f  0x34c  Code  Gb  zf_driver_uart.o [1]
uart_query_byte         0x8000'c6b5   0x34  Code  Gb  zf_driver_uart.o [1]
uart_rx_interrupt       0x8000'c6e9   0x40  Code  Gb  zf_driver_uart.o [1]
uart_write_byte         0x8000'c66b   0x28  Code  Gb  zf_driver_uart.o [1]
uart_write_string       0x8000'c693   0x22  Code  Gb  zf_driver_uart.o [1]
wireless_module_uart_handler
                        0x2000'00d8    0x4  Data  Gb  zf_device_type.o [1]
x                       0x2000'02d7    0x1  Data  Gb  main.o [1]
y                       0x2000'02d8    0x1  Data  Gb  main.o [1]
zf_debug_assert_enable  0x2000'00e4    0x1  Data  Lc  zf_common_debug.o [1]
zf_debug_init_flag      0x2000'03b4    0x1  Data  Lc  zf_common_debug.o [1]
zone                    0x8000'7b4b  0x154  Code  Gb  main.o [1]


[1] = C:\Users\16055\Desktop\1223_2\1222\diancizu_demo_v2\project\iar\program\nor_sdram_zf_dtcm\Obj
[2] = dl7M_tlf.a
[3] = m7M_tlv.a
[4] = rt7M_tl.a
[5] = shb_l.a
[6] = zf_device_config.a

   1 188 bytes of readonly  code memory
  46 348 bytes of readwrite code memory
  37 656 bytes of readonly  data memory
  14 335 bytes of readwrite data memory

Errors: none
Warnings: none
